Archive member included to satisfy reference by file (symbol)

Middlewares/ST/touchgfx/lib/core/cortex_m4f/gcc\libtouchgfx-float-abi-hard.a(AbstractPartition.o)
                              TouchGFX/build/STM32F429IDISCO/TouchGFX/target/generated/TouchGFXConfiguration.o (touchgfx::AbstractPartition::getAllocationCount() const)
Middlewares/ST/touchgfx/lib/core/cortex_m4f/gcc\libtouchgfx-float-abi-hard.a(Container.o)
                              TouchGFX/build/STM32F429IDISCO/TouchGFX/generated/gui_generated/src/screen2_screen/Screen2ViewBase.o (touchgfx::Container::add(touchgfx::Drawable&))
Middlewares/ST/touchgfx/lib/core/cortex_m4f/gcc\libtouchgfx-float-abi-hard.a(HAL.o)
                              TouchGFX/build/STM32F429IDISCO/TouchGFX/target/generated/TouchGFXGeneratedHAL.o (touchgfx::HAL::drawDrawableInDynamicBitmap(touchgfx::Drawable&, unsigned short))
Middlewares/ST/touchgfx/lib/core/cortex_m4f/gcc\libtouchgfx-float-abi-hard.a(DMA.o)
                              TouchGFX/build/STM32F429IDISCO/TouchGFX/target/generated/STM32DMA.o (touchgfx::DMA_Interface::seedExecution())
Middlewares/ST/touchgfx/lib/core/cortex_m4f/gcc\libtouchgfx-float-abi-hard.a(PainterRGB565LinearGradient.o)
                              TouchGFX/build/STM32F429IDISCO/TouchGFX/target/generated/TouchGFXGeneratedHAL.o (vtable for touchgfx::PainterRGB565LinearGradient)
Middlewares/ST/touchgfx/lib/core/cortex_m4f/gcc\libtouchgfx-float-abi-hard.a(PainterRGB565.o)
                              TouchGFX/build/STM32F429IDISCO/TouchGFX/target/generated/TouchGFXGeneratedHAL.o (vtable for touchgfx::PainterRGB565)
Middlewares/ST/touchgfx/lib/core/cortex_m4f/gcc\libtouchgfx-float-abi-hard.a(CWRVectorRenderer.o)
                              TouchGFX/build/STM32F429IDISCO/TouchGFX/target/generated/TouchGFXGeneratedHAL.o (touchgfx::CWRVectorRenderer::tearDown())
Middlewares/ST/touchgfx/lib/core/cortex_m4f/gcc\libtouchgfx-float-abi-hard.a(CanvasWidget.o)
                              TouchGFX/build/STM32F429IDISCO/TouchGFX/target/generated/TouchGFXGeneratedHAL.o (touchgfx::CanvasWidget::draw(touchgfx::Rect const&) const)
Middlewares/ST/touchgfx/lib/core/cortex_m4f/gcc\libtouchgfx-float-abi-hard.a(TextureMapper.o)
                              TouchGFX/build/STM32F429IDISCO/TouchGFX/generated/gui_generated/src/screen1_screen/Screen1ViewBase.o (touchgfx::TextureMapper::TextureMapper(touchgfx::Bitmap const&))
Middlewares/ST/touchgfx/lib/core/cortex_m4f/gcc\libtouchgfx-float-abi-hard.a(ScalableImage.o)
                              TouchGFX/build/STM32F429IDISCO/TouchGFX/generated/gui_generated/src/screen1_screen/Screen1ViewBase.o (touchgfx::ScalableImage::setScalingAlgorithm(touchgfx::ScalableImage::ScalingAlgorithm))
Middlewares/ST/touchgfx/lib/core/cortex_m4f/gcc\libtouchgfx-float-abi-hard.a(Box.o)
                              TouchGFX/build/STM32F429IDISCO/TouchGFX/generated/gui_generated/src/screen2_screen/Screen2ViewBase.o (vtable for touchgfx::Box)
Middlewares/ST/touchgfx/lib/core/cortex_m4f/gcc\libtouchgfx-float-abi-hard.a(Image.o)
                              TouchGFX/build/STM32F429IDISCO/TouchGFX/generated/gui_generated/src/screen1_screen/Screen1ViewBase.o (touchgfx::Image::setBitmap(touchgfx::Bitmap const&))
Middlewares/ST/touchgfx/lib/core/cortex_m4f/gcc\libtouchgfx-float-abi-hard.a(Outline.o)
                              Middlewares/ST/touchgfx/lib/core/cortex_m4f/gcc\libtouchgfx-float-abi-hard.a(CWRVectorRenderer.o) (touchgfx::Outline::~Outline())
Middlewares/ST/touchgfx/lib/core/cortex_m4f/gcc\libtouchgfx-float-abi-hard.a(CanvasWidgetRenderer.o)
                              Middlewares/ST/touchgfx/lib/core/cortex_m4f/gcc\libtouchgfx-float-abi-hard.a(Outline.o) (touchgfx::CanvasWidgetRenderer::getOutlineBuffer())
Middlewares/ST/touchgfx/lib/core/cortex_m4f/gcc\libtouchgfx-float-abi-hard.a(LCD.o)
                              TouchGFX/build/STM32F429IDISCO/TouchGFX/generated/texts/src/Texts.o (touchgfx::LCD::drawStringLTR(touchgfx::Rect const&, touchgfx::Rect const&, touchgfx::LCD::StringVisuals const&, unsigned short const*, std::__va_list))
Middlewares/ST/touchgfx/lib/core/cortex_m4f/gcc\libtouchgfx-float-abi-hard.a(TouchCalibration.o)
                              Middlewares/ST/touchgfx/lib/core/cortex_m4f/gcc\libtouchgfx-float-abi-hard.a(HAL.o) (touchgfx::TouchCalibration::translatePoint(touchgfx::Point&))
Middlewares/ST/touchgfx/lib/core/cortex_m4f/gcc\libtouchgfx-float-abi-hard.a(DisplayTransformation.o)
                              Middlewares/ST/touchgfx/lib/core/cortex_m4f/gcc\libtouchgfx-float-abi-hard.a(HAL.o) (touchgfx::DisplayTransformation::transformFrameBufferToDisplay(short&, short&))
Middlewares/ST/touchgfx/lib/core/cortex_m4f/gcc\libtouchgfx-float-abi-hard.a(Application.o)
                              TouchGFX/build/STM32F429IDISCO/TouchGFX/gui/src/common/FrontendApplication.o (touchgfx::Application::requestRedraw())
Middlewares/ST/touchgfx/lib/core/cortex_m4f/gcc\libtouchgfx-float-abi-hard.a(TypedText.o)
[...]
Memory Configuration

Name             Origin             Length             Attributes
CCMRAM           0x10000000         0x00010000         xrw
RAM              0x20000000         0x00030000         xrw
FLASH            0x08000000         0x00200000         xr
SDRAM            0xd0000000         0x00800000         xrw
*default*        0x00000000         0xffffffff

Linker script and memory map

LOAD c:/touchgfx/4.25.0/env/mingw/msys/1.0/gnu-arm-gcc/bin/../lib/gcc/arm-none-eabi/7.3.1/thumb/v7e-m/fpv4-sp/hard/crti.o
LOAD c:/touchgfx/4.25.0/env/mingw/msys/1.0/gnu-arm-gcc/bin/../lib/gcc/arm-none-eabi/7.3.1/thumb/v7e-m/fpv4-sp/hard/crtbegin.o
LOAD c:/touchgfx/4.25.0/env/mingw/msys/1.0/gnu-arm-gcc/bin/../lib/gcc/arm-none-eabi/7.3.1/../../../../arm-none-eabi/lib/thumb/v7e-m/fpv4-sp/hard/crt0.o
LOAD TouchGFX/build/STM32F429IDISCO/TouchGFX/gui/src/screen2_screen/Screen2View.o
LOAD TouchGFX/build/STM32F429IDISCO/TouchGFX/gui/src/screen2_screen/Screen2Presenter.o
LOAD TouchGFX/build/STM32F429IDISCO/TouchGFX/gui/src/screen1_screen/Screen1Presenter.o
LOAD TouchGFX/build/STM32F429IDISCO/TouchGFX/gui/src/screen1_screen/Screen1View.o
LOAD TouchGFX/build/STM32F429IDISCO/TouchGFX/gui/src/model/Model.o
LOAD TouchGFX/build/STM32F429IDISCO/TouchGFX/gui/src/common/FrontendApplication.o
LOAD TouchGFX/build/STM32F429IDISCO/TouchGFX/generated/gui_generated/src/screen2_screen/Screen2ViewBase.o
LOAD TouchGFX/build/STM32F429IDISCO/TouchGFX/generated/gui_generated/src/screen1_screen/Screen1ViewBase.o
LOAD TouchGFX/build/STM32F429IDISCO/TouchGFX/generated/gui_generated/src/common/FrontendApplicationBase.o
LOAD TouchGFX/build/STM32F429IDISCO/TouchGFX/generated/fonts/src/Font_verdana_40_4bpp_0.o
LOAD TouchGFX/build/STM32F429IDISCO/TouchGFX/generated/fonts/src/Font_verdana_20_4bpp_0.o
LOAD TouchGFX/build/STM32F429IDISCO/TouchGFX/generated/fonts/src/GeneratedFont.o
LOAD TouchGFX/build/STM32F429IDISCO/TouchGFX/generated/fonts/src/UnmappedDataFont.o
LOAD TouchGFX/build/STM32F429IDISCO/TouchGFX/generated/fonts/src/CompressedUnmappedFontCache.o
LOAD TouchGFX/build/STM32F429IDISCO/TouchGFX/generated/fonts/src/CompressedFontCache.o
LOAD TouchGFX/build/STM32F429IDISCO/TouchGFX/generated/fonts/src/Kerning_verdana_40_4bpp.o
LOAD TouchGFX/build/STM32F429IDISCO/TouchGFX/generated/fonts/src/Table_verdana_10_4bpp.o
LOAD TouchGFX/build/STM32F429IDISCO/TouchGFX/generated/fonts/src/Kerning_verdana_10_4bpp.o
LOAD TouchGFX/build/STM32F429IDISCO/TouchGFX/generated/fonts/src/Kerning_verdana_20_4bpp.o
LOAD TouchGFX/build/STM32F429IDISCO/TouchGFX/generated/fonts/src/FontCache.o
LOAD TouchGFX/build/STM32F429IDISCO/TouchGFX/generated/fonts/src/Font_verdana_10_4bpp_0.o
LOAD TouchGFX/build/STM32F429IDISCO/TouchGFX/generated/fonts/src/VectorFontRendererBuffers.o
LOAD TouchGFX/build/STM32F429IDISCO/TouchGFX/generated/fonts/src/Table_verdana_40_4bpp.o
LOAD TouchGFX/build/STM32F429IDISCO/TouchGFX/generated/fonts/src/CachedFont.o
LOAD TouchGFX/build/STM32F429IDISCO/TouchGFX/generated/fonts/src/Table_verdana_20_4bpp.o
LOAD TouchGFX/build/STM32F429IDISCO/TouchGFX/generated/fonts/src/ApplicationFontProvider.o
LOAD TouchGFX/build/STM32F429IDISCO/TouchGFX/generated/images/src/__generated/image_alternate_theme_images_backgrounds_1024x600_gradient_dark.o
LOAD TouchGFX/build/STM32F429IDISCO/TouchGFX/generated/images/src/__generated/image_alternate_theme_images_widgets_gauge_large_needles_rough.o
LOAD TouchGFX/build/STM32F429IDISCO/TouchGFX/generated/images/src/image_Red-removebg-preview.o
LOAD TouchGFX/build/STM32F429IDISCO/TouchGFX/generated/images/src/SVGDatabase.o
LOAD TouchGFX/build/STM32F429IDISCO/TouchGFX/generated/images/src/BitmapDatabase.o
LOAD TouchGFX/build/STM32F429IDISCO/TouchGFX/generated/images/src/image_Yellow-removebg-preview.o
LOAD TouchGFX/build/STM32F429IDISCO/TouchGFX/generated/images/src/image_Green-removebg-preview.o
LOAD TouchGFX/build/STM32F429IDISCO/TouchGFX/generated/texts/src/LanguageGb.o
LOAD TouchGFX/build/STM32F429IDISCO/TouchGFX/generated/texts/src/TypedTextDatabase.o
LOAD TouchGFX/build/STM32F429IDISCO/TouchGFX/generated/texts/src/Texts.o
LOAD TouchGFX/build/STM32F429IDISCO/TouchGFX/target/generated/TouchGFXGeneratedHAL.o
LOAD TouchGFX/build/STM32F429IDISCO/TouchGFX/target/generated/STM32DMA.o
LOAD TouchGFX/build/STM32F429IDISCO/TouchGFX/target/generated/OSWrappers.o
LOAD TouchGFX/build/STM32F429IDISCO/TouchGFX/target/generated/TouchGFXConfiguration.o
LOAD TouchGFX/build/STM32F429IDISCO/TouchGFX/target/TouchGFXHAL.o
LOAD TouchGFX/build/STM32F429IDISCO/TouchGFX/target/TouchGFXGPIO.o
LOAD TouchGFX/build/STM32F429IDISCO/TouchGFX/target/STM32TouchController.o
LOAD TouchGFX/build/STM32F429IDISCO/Core/Src/system_stm32f4xx.o
LOAD TouchGFX/build/STM32F429IDISCO/Core/Src/stm32f4xx_hal_timebase_tim.o
LOAD TouchGFX/build/STM32F429IDISCO/Core/Src/main.o
LOAD TouchGFX/build/STM32F429IDISCO/Core/Src/stm32f4xx_it.o
LOAD TouchGFX/build/STM32F429IDISCO/Core/Src/stm32f4xx_hal_msp.o
LOAD TouchGFX/build/STM32F429IDISCO/Core/Src/freertos.o
LOAD TouchGFX/build/STM32F429IDISCO/Drivers/STM32F4xx_HAL_Driver/Src/stm32f4xx_hal_pwr_ex.o
LOAD TouchGFX/build/STM32F429IDISCO/Drivers/STM32F4xx_HAL_Driver/Src/stm32f4xx_hal_sdram.o
LOAD TouchGFX/build/STM32F429IDISCO/Drivers/STM32F4xx_HAL_Driver/Src/stm32f4xx_hal_flash.o
LOAD TouchGFX/build/STM32F429IDISCO/Drivers/STM32F4xx_HAL_Driver/Src/stm32f4xx_hal_rcc.o
LOAD TouchGFX/build/STM32F429IDISCO/Drivers/STM32F4xx_HAL_Driver/Src/stm32f4xx_hal_sram.o
LOAD TouchGFX/build/STM32F429IDISCO/Drivers/STM32F4xx_HAL_Driver/Src/stm32f4xx_hal_dma_ex.o
LOAD TouchGFX/build/STM32F429IDISCO/Drivers/STM32F4xx_HAL_Driver/Src/stm32f4xx_hal_tim.o
LOAD TouchGFX/build/STM32F429IDISCO/Drivers/STM32F4xx_HAL_Driver/Src/stm32f4xx_hal_i2c.o
LOAD TouchGFX/build/STM32F429IDISCO/Drivers/STM32F4xx_HAL_Driver/Src/stm32f4xx_hal_nor.o
LOAD TouchGFX/build/STM32F429IDISCO/Drivers/STM32F4xx_HAL_Driver/Src/stm32f4xx_hal_flash_ex.o
LOAD TouchGFX/build/STM32F429IDISCO/Drivers/STM32F4xx_HAL_Driver/Src/stm32f4xx_hal_nand.o
LOAD TouchGFX/build/STM32F429IDISCO/Drivers/STM32F4xx_HAL_Driver/Src/stm32f4xx_hal_dma.o
LOAD TouchGFX/build/STM32F429IDISCO/Drivers/STM32F4xx_HAL_Driver/Src/stm32f4xx_hal_i2c_ex.o
LOAD TouchGFX/build/STM32F429IDISCO/Drivers/STM32F4xx_HAL_Driver/Src/stm32f4xx_hal_tim_ex.o
LOAD TouchGFX/build/STM32F429IDISCO/Drivers/STM32F4xx_HAL_Driver/Src/stm32f4xx_hal_cortex.o
LOAD TouchGFX/build/STM32F429IDISCO/Drivers/STM32F4xx_HAL_Driver/Src/stm32f4xx_hal_ltdc_ex.o
LOAD TouchGFX/build/STM32F429IDISCO/Drivers/STM32F4xx_HAL_Driver/Src/stm32f4xx_ll_fmc.o
LOAD TouchGFX/build/STM32F429IDISCO/Drivers/STM32F4xx_HAL_Driver/Src/stm32f4xx_hal_exti.o
LOAD TouchGFX/build/STM32F429IDISCO/Drivers/STM32F4xx_HAL_Driver/Src/stm32f4xx_hal_pccard.o
LOAD TouchGFX/build/STM32F429IDISCO/Drivers/STM32F4xx_HAL_Driver/Src/stm32f4xx_hal_gpio.o
LOAD TouchGFX/build/STM32F429IDISCO/Drivers/STM32F4xx_HAL_Driver/Src/stm32f4xx_hal_spi.o
LOAD TouchGFX/build/STM32F429IDISCO/Drivers/STM32F4xx_HAL_Driver/Src/stm32f4xx_hal_dma2d.o
LOAD TouchGFX/build/STM32F429IDISCO/Drivers/STM32F4xx_HAL_Driver/Src/stm32f4xx_hal_flash_ramfunc.o
LOAD TouchGFX/build/STM32F429IDISCO/Drivers/STM32F4xx_HAL_Driver/Src/stm32f4xx_hal_ltdc.o
LOAD TouchGFX/build/STM32F429IDISCO/Drivers/STM32F4xx_HAL_Driver/Src/stm32f4xx_hal_pwr.o
LOAD TouchGFX/build/STM32F429IDISCO/Drivers/STM32F4xx_HAL_Driver/Src/stm32f4xx_hal.o
LOAD TouchGFX/build/STM32F429IDISCO/Drivers/STM32F4xx_HAL_Driver/Src/stm32f4xx_hal_rcc_ex.o
LOAD TouchGFX/build/STM32F429IDISCO/Drivers/STM32F4xx_HAL_Driver/Src/stm32f4xx_hal_dsi.o
LOAD TouchGFX/build/STM32F429IDISCO/Drivers/STM32F4xx_HAL_Driver/Src/stm32f4xx_hal_crc.o
LOAD TouchGFX/build/STM32F429IDISCO/TouchGFX/App/app_touchgfx.o
LOAD TouchGFX/build/STM32F429IDISCO/Middlewares/Third_Party/FreeRTOS/Source/croutine.o
LOAD TouchGFX/build/STM32F429IDISCO/Middlewares/Third_Party/FreeRTOS/Source/list.o
LOAD TouchGFX/build/STM32F429IDISCO/Middlewares/Third_Party/FreeRTOS/Source/queue.o
LOAD TouchGFX/build/STM32F429IDISCO/Middlewares/Third_Party/FreeRTOS/Source/tasks.o
LOAD TouchGFX/build/STM32F429IDISCO/Middlewares/Third_Party/FreeRTOS/Source/timers.o
LOAD TouchGFX/build/STM32F429IDISCO/Middlewares/Third_Party/FreeRTOS/Source/CMSIS_RTOS_V2/cmsis_os2.o
LOAD TouchGFX/build/STM32F429IDISCO/gcc/Middlewares/Third_Party/FreeRTOS/Source/portable/MemMang/heap_4.o
LOAD TouchGFX/build/STM32F429IDISCO/gcc/Middlewares/Third_Party/FreeRTOS/Source/portable/GCC/ARM_CM4F/port.o
LOAD TouchGFX/build/STM32F429IDISCO/Drivers/BSP/Components/stmpe811/stmpe811.o
LOAD TouchGFX/build/STM32F429IDISCO/Drivers/BSP/Components/ili9341/ili9341.o
LOAD TouchGFX/build/STM32F429IDISCO/gcc/startup_stm32f429zitx.o
START GROUP
LOAD Middlewares/ST/touchgfx/lib/core/cortex_m4f/gcc\libtouchgfx-float-abi-hard.a
END GROUP
LOAD c:/touchgfx/4.25.0/env/mingw/msys/1.0/gnu-arm-gcc/bin/../lib/gcc/arm-none-eabi/7.3.1/../../../../arm-none-eabi/lib/thumb/v7e-m/fpv4-sp/hard\libstdc++_nano.a
LOAD c:/touchgfx/4.25.0/env/mingw/msys/1.0/gnu-arm-gcc/bin/../lib/gcc/arm-none-eabi/7.3.1/../../../../arm-none-eabi/lib/thumb/v7e-m/fpv4-sp/hard\libm.a
START GROUP
LOAD c:/touchgfx/4.25.0/env/mingw/msys/1.0/gnu-arm-gcc/bin/../lib/gcc/arm-none-eabi/7.3.1/thumb/v7e-m/fpv4-sp/hard\libgcc.a
LOAD c:/touchgfx/4.25.0/env/mingw/msys/1.0/gnu-arm-gcc/bin/../lib/gcc/arm-none-eabi/7.3.1/../../../../arm-none-eabi/lib/thumb/v7e-m/fpv4-sp/hard\libc_nano.a
END GROUP
START GROUP
LOAD c:/touchgfx/4.25.0/env/mingw/msys/1.0/gnu-arm-gcc/bin/../lib/gcc/arm-none-eabi/7.3.1/thumb/v7e-m/fpv4-sp/hard\libgcc.a
LOAD c:/touchgfx/4.25.0/env/mingw/msys/1.0/gnu-arm-gcc/bin/../lib/gcc/arm-none-eabi/7.3.1/../../../../arm-none-eabi/lib/thumb/v7e-m/fpv4-sp/hard\libc_nano.a
LOAD c:/touchgfx/4.25.0/env/mingw/msys/1.0/gnu-arm-gcc/bin/../lib/gcc/arm-none-eabi/7.3.1/../../../../arm-none-eabi/lib/thumb/v7e-m/fpv4-sp/hard\libnosys.a
END GROUP
START GROUP
LOAD c:/touchgfx/4.25.0/env/mingw/msys/1.0/gnu-arm-gcc/bin/../lib/gcc/arm-none-eabi/7.3.1/thumb/v7e-m/fpv4-sp/hard\libgcc.a
LOAD c:/touchgfx/4.25.0/env/mingw/msys/1.0/gnu-arm-gcc/bin/../lib/gcc/arm-none-eabi/7.3.1/../../../../arm-none-eabi/lib/thumb/v7e-m/fpv4-sp/hard\libc_nano.a
LOAD c:/touchgfx/4.25.0/env/mingw/msys/1.0/gnu-arm-gcc/bin/../lib/gcc/arm-none-eabi/7.3.1/../../../../arm-none-eabi/lib/thumb/v7e-m/fpv4-sp/hard\libnosys.a
END GROUP
LOAD c:/touchgfx/4.25.0/env/mingw/msys/1.0/gnu-arm-gcc/bin/../lib/gcc/arm-none-eabi/7.3.1/thumb/v7e-m/fpv4-sp/hard/crtend.o
LOAD c:/touchgfx/4.25.0/env/mingw/msys/1.0/gnu-arm-gcc/bin/../lib/gcc/arm-none-eabi/7.3.1/thumb/v7e-m/fpv4-sp/hard/crtn.o
                0x20030000                _estack = (ORIGIN (RAM) + LENGTH (RAM))
                0x00000200                _Min_Heap_Size = 0x200
                0x00000400                _Min_Stack_Size = 0x400

.isr_vector     0x08000000      0x1ac
                0x08000000                . = ALIGN (0x4)
 *(.isr_vector)
 .isr_vector    0x08000000      0x1ac TouchGFX/build/STM32F429IDISCO/gcc/startup_stm32f429zitx.o
                0x08000000                g_pfnVectors
                0x080001ac                . = ALIGN (0x4)

.text           0x080001b0    0x22ab4
                0x080001b0                . = ALIGN (0x4)
 *(.text)
 .text          0x080001b0       0x40 c:/touchgfx/4.25.0/env/mingw/msys/1.0/gnu-arm-gcc/bin/../lib/gcc/arm-none-eabi/7.3.1/thumb/v7e-m/fpv4-sp/hard/crtbegin.o
 .text          0x080001f0      0x378 c:/touchgfx/4.25.0/env/mingw/msys/1.0/gnu-arm-gcc/bin/../lib/gcc/arm-none-eabi/7.3.1/thumb/v7e-m/fpv4-sp/hard\libgcc.a(_arm_addsubdf3.o)
                0x080001f0                __aeabi_drsub
                0x080001f8                __aeabi_dsub
                0x080001f8                __subdf3
                0x080001fc                __aeabi_dadd
                0x080001fc                __adddf3
                0x08000474                __floatunsidf
                0x08000474                __aeabi_ui2d
                0x08000494                __floatsidf
                0x08000494                __aeabi_i2d
                0x080004b8                __aeabi_f2d
                0x080004b8                __extendsfdf2
                0x080004fc                __floatundidf
                0x080004fc                __aeabi_ul2d
                0x0800050c                __floatdidf
                0x0800050c                __aeabi_l2d
 .text          0x08000568      0x424 c:/touchgfx/4.25.0/env/mingw/msys/1.0/gnu-arm-gcc/bin/../lib/gcc/arm-none-eabi/7.3.1/thumb/v7e-m/fpv4-sp/hard\libgcc.a(_arm_muldivdf3.o)
                0x08000568                __aeabi_dmul
                0x08000568                __muldf3
                0x080007bc                __divdf3
                0x080007bc                __aeabi_ddiv
 .text          0x0800098c       0xa0 c:/touchgfx/4.25.0/env/mingw/msys/1.0/gnu-arm-gcc/bin/../lib/gcc/arm-none-eabi/7.3.1/thumb/v7e-m/fpv4-sp/hard\libgcc.a(_arm_truncdfsf2.o)
                0x0800098c                __truncdfsf2
                0x0800098c                __aeabi_d2f
 .text          0x08000a2c       0xa0 c:/touchgfx/4.25.0/env/mingw/msys/1.0/gnu-arm-gcc/bin/../lib/gcc/arm-none-eabi/7.3.1/thumb/v7e-m/fpv4-sp/hard\libgcc.a(_aeabi_ldivmod.o)
                0x08000a2c                __aeabi_ldivmod
 .text          0x08000acc       0x30 c:/touchgfx/4.25.0/env/mingw/msys/1.0/gnu-arm-gcc/bin/../lib/gcc/arm-none-eabi/7.3.1/thumb/v7e-m/fpv4-sp/hard\libgcc.a(_aeabi_uldivmod.o)
                0x08000acc                __aeabi_uldivmod
 .text          0x08000afc      0x2cc c:/touchgfx/4.25.0/env/mingw/msys/1.0/gnu-arm-gcc/bin/../lib/gcc/arm-none-eabi/7.3.1/thumb/v7e-m/fpv4-sp/hard\libgcc.a(_udivmoddi4.o)
                0x08000afc                __udivmoddi4
 .text          0x08000dc8        0x4 c:/touchgfx/4.25.0/env/mingw/msys/1.0/gnu-arm-gcc/bin/../lib/gcc/arm-none-eabi/7.3.1/thumb/v7e-m/fpv4-sp/hard\libgcc.a(_dvmd_tls.o)
                0x08000dc8                __aeabi_idiv0
                0x08000dc8                __aeabi_ldiv0
 *fill*         0x08000dcc        0x4 
 .text          0x08000dd0       0xa0 c:/touchgfx/4.25.0/env/mingw/msys/1.0/gnu-arm-gcc/bin/../lib/gcc/arm-none-eabi/7.3.1/../../../../arm-none-eabi/lib/thumb/v7e-m/fpv4-sp/hard\libc_nano.a(lib_a-memchr.o)
                0x08000dd0                memchr
 *(.text*)
 .text._ZN8touchgfx6Screen15afterTransitionEv
                0x08000e70        0x2 TouchGFX/build/STM32F429IDISCO/TouchGFX/gui/src/screen2_screen/Screen2View.o
                0x08000e70                touchgfx::Screen::afterTransition()
 .text._ZN8touchgfx6Screen15handleTickEventEv
                0x08000e72        0x2 TouchGFX/build/STM32F429IDISCO/TouchGFX/gui/src/screen2_screen/Screen2View.o
                0x08000e72                touchgfx::Screen::handleTickEvent()
 .text._ZN8touchgfx6Screen14handleKeyEventEh
                0x08000e74        0x2 TouchGFX/build/STM32F429IDISCO/TouchGFX/gui/src/screen2_screen/Screen2View.o
                0x08000e74                touchgfx::Screen::handleKeyEvent(unsigned char)
 .text._ZN16Screen1PresenterD2Ev
                0x08000e76        0x6 TouchGFX/build/STM32F429IDISCO/TouchGFX/gui/src/screen1_screen/Screen1Presenter.o
                0x08000e76                Screen1Presenter::~Screen1Presenter()
                0x08000e76                Screen1Presenter::~Screen1Presenter()
                0x08000e78                non-virtual thunk to Screen1Presenter::~Screen1Presenter()
 .text._ZN16Screen1Presenter8activateEv
                0x08000e7c        0x2 TouchGFX/build/STM32F429IDISCO/TouchGFX/gui/src/screen1_screen/Screen1Presenter.o
                0x08000e7c                Screen1Presenter::deactivate()
                0x08000e7c                Screen1Presenter::activate()
 .text._ZN16Screen1PresenterD0Ev
                0x08000e7e       0x14 TouchGFX/build/STM32F429IDISCO/TouchGFX/gui/src/screen1_screen/Screen1Presenter.o
                0x08000e7e                Screen1Presenter::~Screen1Presenter()
                0x08000e8c                non-virtual thunk to Screen1Presenter::~Screen1Presenter()
 *fill*         0x08000e92        0x2 
 .text._ZN16Screen1PresenterC2ER11Screen1View
                0x08000e94       0x1c TouchGFX/build/STM32F429IDISCO/TouchGFX/gui/src/screen1_screen/Screen1Presenter.o
                0x08000e94                Screen1Presenter::Screen1Presenter(Screen1View&)
                0x08000e94                Screen1Presenter::Screen1Presenter(Screen1View&)
 .text._ZN11Screen1View14tearDownScreenEv
                0x08000eb0        0x2 TouchGFX/build/STM32F429IDISCO/TouchGFX/gui/src/screen1_screen/Screen1View.o
                0x08000eb0                Screen1View::tearDownScreen()
 *fill*         0x08000eb2        0x2 
 .text._ZN11Screen1ViewD2Ev
                0x08000eb4       0x14 TouchGFX/build/STM32F429IDISCO/TouchGFX/gui/src/screen1_screen/Screen1View.o
                0x08000eb4                Screen1View::~Screen1View()
                0x08000eb4                Screen1View::~Screen1View()
 .text._ZN11Screen1ViewD0Ev
                0x08000ec8       0x16 TouchGFX/build/STM32F429IDISCO/TouchGFX/gui/src/screen1_screen/Screen1View.o
                0x08000ec8                Screen1View::~Screen1View()
 *fill*         0x08000ede        0x2 
 .text._ZN11Screen1ViewC2Ev
                0x08000ee0       0x14 TouchGFX/build/STM32F429IDISCO/TouchGFX/gui/src/screen1_screen/Screen1View.o
                0x08000ee0                Screen1View::Screen1View()
                0x08000ee0                Screen1View::Screen1View()
 .text._ZN11Screen1View11setupScreenEv
                0x08000ef4        0x4 TouchGFX/build/STM32F429IDISCO/TouchGFX/gui/src/screen1_screen/Screen1View.o
                0x08000ef4                Screen1View::setupScreen()
 .text._ZN5ModelC2Ev
                0x08000ef8        0x6 TouchGFX/build/STM32F429IDISCO/TouchGFX/gui/src/model/Model.o
                0x08000ef8                Model::Model()
                0x08000ef8                Model::Model()
 .text._ZN5Model4tickEv
                0x08000efe        0x2 TouchGFX/build/STM32F429IDISCO/TouchGFX/gui/src/model/Model.o
                0x08000efe                Model::tick()
 .text._ZN8touchgfx11Application15appSwitchScreenEh
                0x08000f00        0x2 TouchGFX/build/STM32F429IDISCO/TouchGFX/gui/src/common/FrontendApplication.o
                0x08000f00                touchgfx::Application::appSwitchScreen(unsigned char)
 .text._ZN8touchgfx11Application13requestRedrawERNS_4RectE
                0x08000f02        0xc TouchGFX/build/STM32F429IDISCO/TouchGFX/gui/src/common/FrontendApplication.o
                0x08000f02                touchgfx::Application::requestRedraw(touchgfx::Rect&)
 .text._ZN19FrontendApplicationD2Ev
                0x08000f0e        0x2 TouchGFX/build/STM32F429IDISCO/TouchGFX/gui/src/common/FrontendApplication.o
                0x08000f0e                FrontendApplication::~FrontendApplication()
                0x08000f0e                FrontendApplication::~FrontendApplication()
 .text._ZN23FrontendApplicationBase19changeToStartScreenEv
                0x08000f10        0x4 TouchGFX/build/STM32F429IDISCO/TouchGFX/gui/src/common/FrontendApplication.o
                0x08000f10                FrontendApplicationBase::changeToStartScreen()
 .text._ZN19FrontendApplicationD0Ev
                0x08000f14       0x10 TouchGFX/build/STM32F429IDISCO/TouchGFX/gui/src/common/FrontendApplication.o
                0x08000f14                FrontendApplication::~FrontendApplication()
 .text._ZN19FrontendApplication15handleTickEventEv
                0x08000f24       0x16 TouchGFX/build/STM32F429IDISCO/TouchGFX/gui/src/common/FrontendApplication.o
                0x08000f24                FrontendApplication::handleTickEvent()
 .text._ZN8touchgfx14MVPApplication29handlePendingScreenTransitionEv
                0x08000f3a       0x24 TouchGFX/build/STM32F429IDISCO/TouchGFX/gui/src/common/FrontendApplication.o
                0x08000f3a                touchgfx::MVPApplication::handlePendingScreenTransition()
 *fill*         0x08000f5e        0x2 
 .text._ZN19FrontendApplicationC2ER5ModelR12FrontendHeap
                0x08000f60       0x14 TouchGFX/build/STM32F429IDISCO/TouchGFX/gui/src/common/FrontendApplication.o
                0x08000f60                FrontendApplication::FrontendApplication(Model&, FrontendHeap&)
                0x08000f60                FrontendApplication::FrontendApplication(Model&, FrontendHeap&)
 .text._ZNK8touchgfx8Drawable17invalidateContentEv
                0x08000f74        0xe TouchGFX/build/STM32F429IDISCO/TouchGFX/generated/gui_generated/src/screen2_screen/Screen2ViewBase.o
                0x08000f74                touchgfx::Drawable::invalidateContent() const
 .text._ZN8touchgfx8Drawable13getFirstChildEv
                0x08000f82        0x4 TouchGFX/build/STM32F429IDISCO/TouchGFX/generated/gui_generated/src/screen2_screen/Screen2ViewBase.o
                0x08000f82                touchgfx::Drawable::getFirstChild()
 .text._ZN8touchgfx8Drawable4setXEs
                0x08000f86        0x4 TouchGFX/build/STM32F429IDISCO/TouchGFX/generated/gui_generated/src/screen2_screen/Screen2ViewBase.o
                0x08000f86                touchgfx::Drawable::setX(short)
 .text._ZN8touchgfx8Drawable4setYEs
                0x08000f8a        0x4 TouchGFX/build/STM32F429IDISCO/TouchGFX/generated/gui_generated/src/screen2_screen/Screen2ViewBase.o
                0x08000f8a                touchgfx::Drawable::setY(short)
 .text._ZN8touchgfx8Drawable8setWidthEs
                0x08000f8e        0x4 TouchGFX/build/STM32F429IDISCO/TouchGFX/generated/gui_generated/src/screen2_screen/Screen2ViewBase.o
                0x08000f8e                touchgfx::Drawable::setWidth(short)
 .text._ZN8touchgfx8Drawable9setHeightEs
                0x08000f92        0x4 TouchGFX/build/STM32F429IDISCO/TouchGFX/generated/gui_generated/src/screen2_screen/Screen2ViewBase.o
                0x08000f92                touchgfx::Drawable::setHeight(short)
 .text._ZN8touchgfx8Drawable20childGeometryChangedEv
                0x08000f96        0x2 TouchGFX/build/STM32F429IDISCO/TouchGFX/generated/gui_generated/src/screen2_screen/Screen2ViewBase.o
                0x08000f96                touchgfx::Drawable::childGeometryChanged()
 .text._ZN8touchgfx8Drawable16handleClickEventERKNS_10ClickEventE
                0x08000f98        0x2 TouchGFX/build/STM32F429IDISCO/TouchGFX/generated/gui_generated/src/screen2_screen/Screen2ViewBase.o
                0x08000f98                touchgfx::Drawable::handleClickEvent(touchgfx::ClickEvent const&)
 .text._ZN8touchgfx8Drawable18handleGestureEventERKNS_12GestureEventE
                0x08000f9a        0x2 TouchGFX/build/STM32F429IDISCO/TouchGFX/generated/gui_generated/src/screen2_screen/Screen2ViewBase.o
                0x08000f9a                touchgfx::Drawable::handleGestureEvent(touchgfx::GestureEvent const&)
 .text._ZN8touchgfx8Drawable15handleDragEventERKNS_9DragEventE
                0x08000f9c        0x2 TouchGFX/build/STM32F429IDISCO/TouchGFX/generated/gui_generated/src/screen2_screen/Screen2ViewBase.o
                0x08000f9c                touchgfx::Drawable::handleDragEvent(touchgfx::DragEvent const&)
 .text._ZN8touchgfx8Drawable15handleTickEventEv
                0x08000f9e        0x2 TouchGFX/build/STM32F429IDISCO/TouchGFX/generated/gui_generated/src/screen2_screen/Screen2ViewBase.o
                0x08000f9e                touchgfx::Drawable::handleTickEvent()
 .text._ZN8touchgfx8Drawable6moveToEss
                0x08000fa0       0x18 TouchGFX/build/STM32F429IDISCO/TouchGFX/generated/gui_generated/src/screen2_screen/Screen2ViewBase.o
                0x08000fa0                touchgfx::Drawable::moveTo(short, short)
 .text._ZN8touchgfx8Drawable14setupDrawChainERKNS_4RectEPPS0_
                0x08000fb8       0x14 TouchGFX/build/STM32F429IDISCO/TouchGFX/generated/gui_generated/src/screen2_screen/Screen2ViewBase.o
                0x08000fb8                touchgfx::Drawable::setupDrawChain(touchgfx::Rect const&, touchgfx::Drawable**)
 .text._ZN8touchgfx6Widget12getLastChildEssPPNS_8DrawableE
                0x08000fcc       0x10 TouchGFX/build/STM32F429IDISCO/TouchGFX/generated/gui_generated/src/screen2_screen/Screen2ViewBase.o
                0x08000fcc                touchgfx::Widget::getLastChild(short, short, touchgfx::Drawable**)
 .text._ZN8touchgfx6Screen11setupScreenEv
                0x08000fdc        0x2 TouchGFX/build/STM32F429IDISCO/TouchGFX/generated/gui_generated/src/screen2_screen/Screen2ViewBase.o
                0x08000fdc                touchgfx::Screen::setupScreen()
 .text._ZN8touchgfx6Screen14tearDownScreenEv
                0x08000fde        0x2 TouchGFX/build/STM32F429IDISCO/TouchGFX/generated/gui_generated/src/screen2_screen/Screen2ViewBase.o
                0x08000fde                touchgfx::Screen::tearDownScreen()
 .text._ZN15Screen1ViewBaseD2Ev
                0x08000fe0        0x2 TouchGFX/build/STM32F429IDISCO/TouchGFX/generated/gui_generated/src/screen1_screen/Screen1ViewBase.o
                0x08000fe0                Screen1ViewBase::~Screen1ViewBase()
                0x08000fe0                Screen1ViewBase::~Screen1ViewBase()
 .text._ZN15Screen1ViewBase11setupScreenEv
                0x08000fe2        0x2 TouchGFX/build/STM32F429IDISCO/TouchGFX/generated/gui_generated/src/screen1_screen/Screen1ViewBase.o
                0x08000fe2                Screen1ViewBase::setupScreen()
 .text._ZN15Screen1ViewBaseD0Ev
                0x08000fe4       0x10 TouchGFX/build/STM32F429IDISCO/TouchGFX/generated/gui_generated/src/screen1_screen/Screen1ViewBase.o
                0x08000fe4                Screen1ViewBase::~Screen1ViewBase()
 .text._ZN8touchgfx8Drawable11setPositionEssss
                0x08000ff4       0x36 TouchGFX/build/STM32F429IDISCO/TouchGFX/generated/gui_generated/src/screen1_screen/Screen1ViewBase.o
                0x08000ff4                touchgfx::Drawable::setPosition(short, short, short, short)
 *fill*         0x0800102a        0x2 
 .text._ZN8touchgfx9ContainerC2Ev
                0x0800102c       0x34 TouchGFX/build/STM32F429IDISCO/TouchGFX/generated/gui_generated/src/screen1_screen/Screen1ViewBase.o
                0x0800102c                touchgfx::Container::Container()
                0x0800102c                touchgfx::Container::Container()
 .text._ZN15Screen1ViewBaseC2Ev
                0x08001060      0x6f8 TouchGFX/build/STM32F429IDISCO/TouchGFX/generated/gui_generated/src/screen1_screen/Screen1ViewBase.o
                0x08001060                Screen1ViewBase::Screen1ViewBase()
                0x08001060                Screen1ViewBase::Screen1ViewBase()
 .text._ZN8touchgfx11Application19changeToStartScreenEv
                0x08001758        0x2 TouchGFX/build/STM32F429IDISCO/TouchGFX/generated/gui_generated/src/common/FrontendApplicationBase.o
                0x08001758                touchgfx::Application::changeToStartScreen()
 .text._ZN8touchgfx10Transition8tearDownEv
                0x0800175a        0x2 TouchGFX/build/STM32F429IDISCO/TouchGFX/generated/gui_generated/src/common/FrontendApplicationBase.o
                0x0800175a                touchgfx::Transition::tearDown()
 .text._ZN8touchgfx10Transition4initEv
                0x0800175c        0x2 TouchGFX/build/STM32F429IDISCO/TouchGFX/generated/gui_generated/src/common/FrontendApplicationBase.o
                0x0800175c                touchgfx::Transition::init()
 .text._ZN8touchgfx10Transition18setScreenContainerERNS_9ContainerE
                0x0800175e        0x4 TouchGFX/build/STM32F429IDISCO/TouchGFX/generated/gui_generated/src/common/FrontendApplicationBase.o
                0x0800175e                touchgfx::Transition::setScreenContainer(touchgfx::Container&)
 .text._ZN23FrontendApplicationBaseD2Ev
                0x08001762        0x2 TouchGFX/build/STM32F429IDISCO/TouchGFX/generated/gui_generated/src/common/FrontendApplicationBase.o
                0x08001762                FrontendApplicationBase::~FrontendApplicationBase()
                0x08001762                FrontendApplicationBase::~FrontendApplicationBase()
 .text._ZN8touchgfx12NoTransition15handleTickEventEv
                0x08001764        0x6 TouchGFX/build/STM32F429IDISCO/TouchGFX/generated/gui_generated/src/common/FrontendApplicationBase.o
                0x08001764                touchgfx::NoTransition::handleTickEvent()
 .text._ZN8touchgfx12NoTransitionD2Ev
                0x0800176a        0x2 TouchGFX/build/STM32F429IDISCO/TouchGFX/generated/gui_generated/src/common/FrontendApplicationBase.o
                0x0800176a                touchgfx::NoTransition::~NoTransition()
                0x0800176a                touchgfx::NoTransition::~NoTransition()
 .text._ZN8touchgfx8CallbackI23FrontendApplicationBasevvvED2Ev
                0x0800176c        0x2 TouchGFX/build/STM32F429IDISCO/TouchGFX/generated/gui_generated/src/common/FrontendApplicationBase.o
                0x0800176c                touchgfx::Callback<FrontendApplicationBase, void, void, void>::~Callback()
                0x0800176c                touchgfx::Callback<FrontendApplicationBase, void, void, void>::~Callback()
 .text._ZN8touchgfx8CallbackI23FrontendApplicationBasevvvE7executeEv
                0x0800176e       0x20 TouchGFX/build/STM32F429IDISCO/TouchGFX/generated/gui_generated/src/common/FrontendApplicationBase.o
                0x0800176e                touchgfx::Callback<FrontendApplicationBase, void, void, void>::execute()
 .text._ZNK8touchgfx8CallbackI23FrontendApplicationBasevvvE7isValidEv
                0x0800178e       0x18 TouchGFX/build/STM32F429IDISCO/TouchGFX/generated/gui_generated/src/common/FrontendApplicationBase.o
                0x0800178e                touchgfx::Callback<FrontendApplicationBase, void, void, void>::isValid() const
 .text._ZN8touchgfx12NoTransitionD0Ev
                0x080017a6        0xe TouchGFX/build/STM32F429IDISCO/TouchGFX/generated/gui_generated/src/common/FrontendApplicationBase.o
                0x080017a6                touchgfx::NoTransition::~NoTransition()
 .text._ZN23FrontendApplicationBaseD0Ev
                0x080017b4       0x10 TouchGFX/build/STM32F429IDISCO/TouchGFX/generated/gui_generated/src/common/FrontendApplicationBase.o
                0x080017b4                FrontendApplicationBase::~FrontendApplicationBase()
 .text._ZN8touchgfx8CallbackI23FrontendApplicationBasevvvED0Ev
                0x080017c4        0xe TouchGFX/build/STM32F429IDISCO/TouchGFX/generated/gui_generated/src/common/FrontendApplicationBase.o
                0x080017c4                touchgfx::Callback<FrontendApplicationBase, void, void, void>::~Callback()
 .text._ZN8touchgfx10Transition10invalidateEv
                0x080017d2       0x10 TouchGFX/build/STM32F429IDISCO/TouchGFX/generated/gui_generated/src/common/FrontendApplicationBase.o
                0x080017d2                touchgfx::Transition::invalidate()
 *fill*         0x080017e2        0x2 
 .text._ZN8touchgfx3HAL3lcdEv
                0x080017e4       0x18 TouchGFX/build/STM32F429IDISCO/TouchGFX/generated/gui_generated/src/common/FrontendApplicationBase.o
                0x080017e4                touchgfx::HAL::lcd()
 .text._ZN23FrontendApplicationBaseC2ER5ModelR12FrontendHeap
                0x080017fc       0x70 TouchGFX/build/STM32F429IDISCO/TouchGFX/generated/gui_generated/src/common/FrontendApplicationBase.o
                0x080017fc                FrontendApplicationBase::FrontendApplicationBase(Model&, FrontendHeap&)
                0x080017fc                FrontendApplicationBase::FrontendApplicationBase(Model&, FrontendHeap&)
 .text._ZN23FrontendApplicationBase29gotoScreen1ScreenNoTransitionEv
                0x0800186c       0x20 TouchGFX/build/STM32F429IDISCO/TouchGFX/generated/gui_generated/src/common/FrontendApplicationBase.o
                0x0800186c                FrontendApplicationBase::gotoScreen1ScreenNoTransition()
 .text._ZN8touchgfx14makeTransitionI11Screen1View16Screen1PresenterNS_12NoTransitionE5ModelEEPT0_PPNS_6ScreenEPPNS_9PresenterERNS_7MVPHeapEPPNS_10TransitionEPT2_
                0x0800188c      0x140 TouchGFX/build/STM32F429IDISCO/TouchGFX/generated/gui_generated/src/common/FrontendApplicationBase.o
                0x0800188c                Screen1Presenter* touchgfx::makeTransition<Screen1View, Screen1Presenter, touchgfx::NoTransition, Model>(touchgfx::Screen**, touchgfx::Presenter**, touchgfx::MVPHeap&, touchgfx::Transition**, Model*)
 .text._ZN23FrontendApplicationBase33gotoScreen1ScreenNoTransitionImplEv
                0x080019cc       0x28 TouchGFX/build/STM32F429IDISCO/TouchGFX/generated/gui_generated/src/common/FrontendApplicationBase.o
                0x080019cc                FrontendApplicationBase::gotoScreen1ScreenNoTransitionImpl()
 .text._ZNK8touchgfx4Font8getGlyphEt
                0x080019f4       0x1e TouchGFX/build/STM32F429IDISCO/TouchGFX/generated/fonts/src/GeneratedFont.o
                0x080019f4                touchgfx::Font::getGlyph(unsigned short) const
 .text._ZNK8touchgfx4Font15getFallbackCharEv
                0x08001a12        0x4 TouchGFX/build/STM32F429IDISCO/TouchGFX/generated/fonts/src/GeneratedFont.o
                0x08001a12                touchgfx::Font::getFallbackChar() const
 .text._ZNK8touchgfx4Font15getEllipsisCharEv
                0x08001a16        0x4 TouchGFX/build/STM32F429IDISCO/TouchGFX/generated/fonts/src/GeneratedFont.o
                0x08001a16                touchgfx::Font::getEllipsisChar() const
 .text._ZNK8touchgfx4Font11getBaselineEv
                0x08001a1a        0x4 TouchGFX/build/STM32F429IDISCO/TouchGFX/generated/fonts/src/GeneratedFont.o
                0x08001a1a                touchgfx::Font::getBaseline() const
 .text._ZNK8touchgfx4Font9getHeightEv
                0x08001a1e        0x4 TouchGFX/build/STM32F429IDISCO/TouchGFX/generated/fonts/src/GeneratedFont.o
                0x08001a1e                touchgfx::Font::getHeight() const
 .text._ZNK8touchgfx4Font15getBitsPerPixelEv
                0x08001a22        0x8 TouchGFX/build/STM32F429IDISCO/TouchGFX/generated/fonts/src/GeneratedFont.o
                0x08001a22                touchgfx::Font::getBitsPerPixel() const
 .text._ZNK8touchgfx4Font15getByteAlignRowEv
                0x08001a2a        0x6 TouchGFX/build/STM32F429IDISCO/TouchGFX/generated/fonts/src/GeneratedFont.o
                0x08001a2a                touchgfx::Font::getByteAlignRow() const
 .text._ZNK8touchgfx4Font17isVectorBasedFontEv
                0x08001a30        0x4 TouchGFX/build/STM32F429IDISCO/TouchGFX/generated/fonts/src/GeneratedFont.o
                0x08001a30                touchgfx::Font::isVectorBasedFont() const
 .text._ZNK8touchgfx4Font14getScaleFactorEv
                0x08001a34        0xc TouchGFX/build/STM32F429IDISCO/TouchGFX/generated/fonts/src/GeneratedFont.o
                0x08001a34                touchgfx::Font::getScaleFactor() const
 .text._ZNK8touchgfx13GeneratedFont12getGSUBTableEv
                0x08001a40        0x4 TouchGFX/build/STM32F429IDISCO/TouchGFX/generated/fonts/src/GeneratedFont.o
                0x08001a40                touchgfx::GeneratedFont::getGSUBTable() const
 .text._ZNK8touchgfx13GeneratedFont23getContextualFormsTableEv
                0x08001a44        0x4 TouchGFX/build/STM32F429IDISCO/TouchGFX/generated/fonts/src/GeneratedFont.o
                0x08001a44                touchgfx::GeneratedFont::getContextualFormsTable() const
 .text._ZN8touchgfx13GeneratedFontD2Ev
                0x08001a48        0x2 TouchGFX/build/STM32F429IDISCO/TouchGFX/generated/fonts/src/GeneratedFont.o
                0x08001a48                touchgfx::GeneratedFont::~GeneratedFont()
                0x08001a48                touchgfx::GeneratedFont::~GeneratedFont()
 .text._ZNK8touchgfx13GeneratedFont12getPixelDataEPKNS_9GlyphNodeE
                0x08001a4a       0x18 TouchGFX/build/STM32F429IDISCO/TouchGFX/generated/fonts/src/GeneratedFont.o
                0x08001a4a                touchgfx::GeneratedFont::getPixelData(touchgfx::GlyphNode const*) const
 .text._ZNK8touchgfx13GeneratedFont10getKerningEtPKNS_9GlyphNodeE
                0x08001a62       0x3a TouchGFX/build/STM32F429IDISCO/TouchGFX/generated/fonts/src/GeneratedFont.o
                0x08001a62                touchgfx::GeneratedFont::getKerning(unsigned short, touchgfx::GlyphNode const*) const
 .text._ZN8touchgfx13GeneratedFontD0Ev
                0x08001a9c        0xe TouchGFX/build/STM32F429IDISCO/TouchGFX/generated/fonts/src/GeneratedFont.o
                0x08001a9c                touchgfx::GeneratedFont::~GeneratedFont()
 *fill*         0x08001aaa        0x2 
 .text._ZN8touchgfx13GeneratedFontC2EPKNS_9GlyphNodeEttthhhhhhPKPKhPKNS_11KerningNodeEttPKtPKNS_24FontContextualFormsTableE
                0x08001aac       0x60 TouchGFX/build/STM32F429IDISCO/TouchGFX/generated/fonts/src/GeneratedFont.o
                0x08001aac                touchgfx::GeneratedFont::GeneratedFont(touchgfx::GlyphNode const*, unsigned short, unsigned short, unsigned short, unsigned char, unsigned char, unsigned char, unsigned char, unsigned char, unsigned char, unsigned char const* const*, touchgfx::KerningNode const*, unsigned short, unsigned short, unsigned short const*, touchgfx::FontContextualFormsTable const*)
                0x08001aac                touchgfx::GeneratedFont::GeneratedFont(touchgfx::GlyphNode const*, unsigned short, unsigned short, unsigned short, unsigned char, unsigned char, unsigned char, unsigned char, unsigned char, unsigned char, unsigned char const* const*, touchgfx::KerningNode const*, unsigned short, unsigned short, unsigned short const*, touchgfx::FontContextualFormsTable const*)
 .text._Z23getFont_verdana_10_4bppv
                0x08001b0c       0x7c TouchGFX/build/STM32F429IDISCO/TouchGFX/generated/fonts/src/Table_verdana_10_4bpp.o
                0x08001b0c                getFont_verdana_10_4bpp()
 .text._ZN8touchgfx22VectorFontRendererImpl20getVectorFontBuffersERPfRiRPhS3_
                0x08001b88        0xe TouchGFX/build/STM32F429IDISCO/TouchGFX/generated/fonts/src/VectorFontRendererBuffers.o
                0x08001b88                touchgfx::VectorFontRendererImpl::getVectorFontBuffers(float*&, int&, unsigned char*&, int&)
 *fill*         0x08001b96        0x2 
 .text._Z23getFont_verdana_40_4bppv
                0x08001b98       0x7c TouchGFX/build/STM32F429IDISCO/TouchGFX/generated/fonts/src/Table_verdana_40_4bpp.o
                0x08001b98                getFont_verdana_40_4bpp()
 .text._Z23getFont_verdana_20_4bppv
                0x08001c14       0x7c TouchGFX/build/STM32F429IDISCO/TouchGFX/generated/fonts/src/Table_verdana_20_4bpp.o
                0x08001c14                getFont_verdana_20_4bpp()
 .text._ZN23ApplicationFontProviderD2Ev
                0x08001c90        0x2 TouchGFX/build/STM32F429IDISCO/TouchGFX/generated/fonts/src/ApplicationFontProvider.o
                0x08001c90                ApplicationFontProvider::~ApplicationFontProvider()
                0x08001c90                ApplicationFontProvider::~ApplicationFontProvider()
 .text._ZN23ApplicationFontProviderD0Ev
                0x08001c92        0xe TouchGFX/build/STM32F429IDISCO/TouchGFX/generated/fonts/src/ApplicationFontProvider.o
                0x08001c92                ApplicationFontProvider::~ApplicationFontProvider()
 .text._ZN23ApplicationFontProvider7getFontEt
                0x08001ca0       0x28 TouchGFX/build/STM32F429IDISCO/TouchGFX/generated/fonts/src/ApplicationFontProvider.o
                0x08001ca0                ApplicationFontProvider::getFont(unsigned short)
 .text._ZN14BitmapDatabase11getInstanceEv
                0x08001cc8        0x8 TouchGFX/build/STM32F429IDISCO/TouchGFX/generated/images/src/BitmapDatabase.o
                0x08001cc8                BitmapDatabase::getInstance()
 .text._ZN14BitmapDatabase15getInstanceSizeEv
                0x08001cd0        0x4 TouchGFX/build/STM32F429IDISCO/TouchGFX/generated/images/src/BitmapDatabase.o
                0x08001cd0                BitmapDatabase::getInstanceSize()
 .text._ZN17TypedTextDatabase15getInstanceSizeEv
                0x08001cd4        0x4 TouchGFX/build/STM32F429IDISCO/TouchGFX/generated/texts/src/TypedTextDatabase.o
                0x08001cd4                TypedTextDatabase::getInstanceSize()
 .text._ZN17TypedTextDatabase8getFontsEv
                0x08001cd8        0x8 TouchGFX/build/STM32F429IDISCO/TouchGFX/generated/texts/src/TypedTextDatabase.o
                0x08001cd8                TypedTextDatabase::getFonts()
 .text.startup._GLOBAL__sub_I_touchgfx_fonts
                0x08001ce0       0x1c TouchGFX/build/STM32F429IDISCO/TouchGFX/generated/texts/src/TypedTextDatabase.o
 .text._ZNK8touchgfx4Font12getGSUBTableEv
                0x08001cfc        0x4 TouchGFX/build/STM32F429IDISCO/TouchGFX/generated/texts/src/Texts.o
                0x08001cfc                touchgfx::Font::getGSUBTable() const
 .text._ZNK8touchgfx4Font23getContextualFormsTableEv
                0x08001d00        0x4 TouchGFX/build/STM32F429IDISCO/TouchGFX/generated/texts/src/Texts.o
                0x08001d00                touchgfx::Font::getContextualFormsTable() const
 .text._ZNK8touchgfx4Font14getStringWidthEPKtz
                0x08001d04       0x1c TouchGFX/build/STM32F429IDISCO/TouchGFX/generated/texts/src/Texts.o
                0x08001d04                touchgfx::Font::getStringWidth(unsigned short const*, ...) const
 .text._ZNK8touchgfx4Font14getStringWidthEhPKtz
                0x08001d20       0x1a TouchGFX/build/STM32F429IDISCO/TouchGFX/generated/texts/src/Texts.o
                0x08001d20                touchgfx::Font::getStringWidth(unsigned char, unsigned short const*, ...) const
 *fill*         0x08001d3a        0x2 
 .text._ZN8touchgfx12TextProvider15getNextLigatureEh
                0x08001d3c       0x84 TouchGFX/build/STM32F429IDISCO/TouchGFX/generated/texts/src/Texts.o
                0x08001d3c                touchgfx::TextProvider::getNextLigature(unsigned char)
 .text._ZN8touchgfx12TextProvider18initializeInternalEv
                0x08001dc0        0x4 TouchGFX/build/STM32F429IDISCO/TouchGFX/generated/texts/src/Texts.o
                0x08001dc0                touchgfx::TextProvider::initializeInternal()
 .text._ZN8touchgfx5Texts11setLanguageEt
                0x08001dc4       0x74 TouchGFX/build/STM32F429IDISCO/TouchGFX/generated/texts/src/Texts.o
                0x08001dc4                touchgfx::Texts::setLanguage(unsigned short)
 .text._ZN8touchgfx3HAL21setDisplayOrientationENS_18DisplayOrientationE
                0x08001e38        0xc TouchGFX/build/STM32F429IDISCO/TouchGFX/target/generated/TouchGFXGeneratedHAL.o
                0x08001e38                touchgfx::HAL::setDisplayOrientation(touchgfx::DisplayOrientation)
 .text._ZN8touchgfx3HAL11submitGPU2DEv
                0x08001e44        0x2 TouchGFX/build/STM32F429IDISCO/TouchGFX/target/generated/TouchGFXGeneratedHAL.o
                0x08001e44                touchgfx::HAL::submitGPU2D()
 .text._ZN8touchgfx3HAL9sampleKeyERh
                0x08001e46        0x4 TouchGFX/build/STM32F429IDISCO/TouchGFX/target/generated/TouchGFXGeneratedHAL.o
                0x08001e46                touchgfx::HAL::sampleKey(unsigned char&)
 *fill*         0x08001e4a        0x2 
 .text._ZN8touchgfx3HAL19setAnimationStorageEPv
                0x08001e4c       0x14 TouchGFX/build/STM32F429IDISCO/TouchGFX/target/generated/TouchGFXGeneratedHAL.o
                0x08001e4c                touchgfx::HAL::setAnimationStorage(void*)
 .text._ZN8touchgfx3HAL16waitForLTDCLinesEt
                0x08001e60        0x2 TouchGFX/build/STM32F429IDISCO/TouchGFX/target/generated/TouchGFXGeneratedHAL.o
                0x08001e60                touchgfx::HAL::waitForLTDCLines(unsigned short)
 .text._ZNK8touchgfx3HAL18getFlashDataReaderEv
                0x08001e62        0x4 TouchGFX/build/STM32F429IDISCO/TouchGFX/target/generated/TouchGFXGeneratedHAL.o
                0x08001e62                touchgfx::HAL::getFlashDataReader() const
 .text._ZN8touchgfx3HAL9taskDelayEt
                0x08001e66        0xa TouchGFX/build/STM32F429IDISCO/TouchGFX/target/generated/TouchGFXGeneratedHAL.o
                0x08001e66                touchgfx::HAL::taskDelay(unsigned short)
 .text._ZN8touchgfx3HAL17getTFTCurrentLineEv
                0x08001e70        0x6 TouchGFX/build/STM32F429IDISCO/TouchGFX/target/generated/TouchGFXGeneratedHAL.o
                0x08001e70                touchgfx::HAL::getTFTCurrentLine()
 .text._ZN8touchgfx3HAL10getDMATypeEv
                0x08001e76        0x8 TouchGFX/build/STM32F429IDISCO/TouchGFX/target/generated/TouchGFXGeneratedHAL.o
                0x08001e76                touchgfx::HAL::getDMAType()
 .text._ZN8touchgfx3HAL25partialLTDCDeadlineMissedEv
                0x08001e7e        0x2 TouchGFX/build/STM32F429IDISCO/TouchGFX/target/generated/TouchGFXGeneratedHAL.o
                0x08001e7e                touchgfx::HAL::partialLTDCDeadlineMissed()
 .text._ZN8touchgfx3HAL15InvalidateCacheEv
                0x08001e80        0x2 TouchGFX/build/STM32F429IDISCO/TouchGFX/target/generated/TouchGFXGeneratedHAL.o
                0x08001e80                touchgfx::HAL::InvalidateCache()
 .text._ZN8touchgfx3HAL10FlushCacheEv
                0x08001e82        0x2 TouchGFX/build/STM32F429IDISCO/TouchGFX/target/generated/TouchGFXGeneratedHAL.o
                0x08001e82                touchgfx::HAL::FlushCache()
 .text._ZN8touchgfx3HAL22InvalidateTextureCacheEv
                0x08001e84        0x2 TouchGFX/build/STM32F429IDISCO/TouchGFX/target/generated/TouchGFXGeneratedHAL.o
                0x08001e84                touchgfx::HAL::InvalidateTextureCache()
 .text._ZNK8touchgfx15AbstractPainter18getRenderingMethodEv
                0x08001e86        0x4 TouchGFX/build/STM32F429IDISCO/TouchGFX/target/generated/TouchGFXGeneratedHAL.o
                0x08001e86                touchgfx::AbstractPainter::getRenderingMethod() const
 .text._ZNK8touchgfx15AbstractPainter5setupERKNS_4RectE
                0x08001e8a        0xa TouchGFX/build/STM32F429IDISCO/TouchGFX/target/generated/TouchGFXGeneratedHAL.o
                0x08001e8a                touchgfx::AbstractPainter::setup(touchgfx::Rect const&) const
 .text._ZNK8touchgfx15AbstractPainter8tearDownEv
                0x08001e94        0x2 TouchGFX/build/STM32F429IDISCO/TouchGFX/target/generated/TouchGFXGeneratedHAL.o
                0x08001e94                touchgfx::AbstractPainter::tearDown() const
 .text._ZN8touchgfx12CanvasWidget8setAlphaEh
                0x08001e96        0x6 TouchGFX/build/STM32F429IDISCO/TouchGFX/target/generated/TouchGFXGeneratedHAL.o
                0x08001e96                touchgfx::CanvasWidget::setAlpha(unsigned char)
 .text._ZNK8touchgfx12CanvasWidget8getAlphaEv
                0x08001e9c        0x6 TouchGFX/build/STM32F429IDISCO/TouchGFX/target/generated/TouchGFXGeneratedHAL.o
                0x08001e9c                touchgfx::CanvasWidget::getAlpha() const
 .text._ZNK8touchgfx12CanvasWidget14getMinimalRectEv
                0x08001ea2       0x16 TouchGFX/build/STM32F429IDISCO/TouchGFX/target/generated/TouchGFXGeneratedHAL.o
                0x08001ea2                touchgfx::CanvasWidget::getMinimalRect() const
 .text._ZNK8touchgfx12CanvasWidget12getSolidRectEv
                0x08001eb8        0xc TouchGFX/build/STM32F429IDISCO/TouchGFX/target/generated/TouchGFXGeneratedHAL.o
                0x08001eb8                touchgfx::CanvasWidget::getSolidRect() const
 .text._ZN8touchgfx17CWRVectorRenderer7setModeENS_14VectorRenderer8DrawModeE
                0x08001ec4        0x4 TouchGFX/build/STM32F429IDISCO/TouchGFX/target/generated/TouchGFXGeneratedHAL.o
                0x08001ec4                touchgfx::CWRVectorRenderer::setMode(touchgfx::VectorRenderer::DrawMode)
 .text._ZN8touchgfx17CWRVectorRenderer19setStrokeMiterLimitEf
                0x08001ec8        0x6 TouchGFX/build/STM32F429IDISCO/TouchGFX/target/generated/TouchGFXGeneratedHAL.o
                0x08001ec8                touchgfx::CWRVectorRenderer::setStrokeMiterLimit(float)
 .text._ZN8touchgfx17CWRVectorRenderer17setStrokeLineJoinENS_16VGStrokeLineJoinE
                0x08001ece        0x6 TouchGFX/build/STM32F429IDISCO/TouchGFX/target/generated/TouchGFXGeneratedHAL.o
                0x08001ece                touchgfx::CWRVectorRenderer::setStrokeLineJoin(touchgfx::VGStrokeLineJoin)
 .text._ZN8touchgfx17CWRVectorRenderer16setStrokeLineCapENS_15VGStrokeLineCapE
                0x08001ed4        0x6 TouchGFX/build/STM32F429IDISCO/TouchGFX/target/generated/TouchGFXGeneratedHAL.o
                0x08001ed4                touchgfx::CWRVectorRenderer::setStrokeLineCap(touchgfx::VGStrokeLineCap)
 .text._ZNK8touchgfx17CWRVectorRenderer17CanvasWidgetProxy16drawCanvasWidgetERKNS_4RectE
                0x08001eda        0x4 TouchGFX/build/STM32F429IDISCO/TouchGFX/target/generated/TouchGFXGeneratedHAL.o
                0x08001eda                touchgfx::CWRVectorRenderer::CanvasWidgetProxy::drawCanvasWidget(touchgfx::Rect const&) const
 .text._ZN8touchgfx23CWRVectorRendererRGB56516getLinearPainterEv
                0x08001ede        0x4 TouchGFX/build/STM32F429IDISCO/TouchGFX/target/generated/TouchGFXGeneratedHAL.o
                0x08001ede                touchgfx::CWRVectorRendererRGB565::getLinearPainter()
 .text._ZN8touchgfx23CWRVectorRendererRGB56520getColorPainterColorEv
                0x08001ee2        0x4 TouchGFX/build/STM32F429IDISCO/TouchGFX/target/generated/TouchGFXGeneratedHAL.o
                0x08001ee2                touchgfx::CWRVectorRendererRGB565::getColorPainterColor()
 .text._ZN8touchgfx23CWRVectorRendererRGB56515getColorPainterEv
                0x08001ee6        0x4 TouchGFX/build/STM32F429IDISCO/TouchGFX/target/generated/TouchGFXGeneratedHAL.o
                0x08001ee6                touchgfx::CWRVectorRendererRGB565::getColorPainter()
 *fill*         0x08001eea        0x2 
 .text._ZN20TouchGFXGeneratedHAL19configureInterruptsEv
                0x08001eec       0x14 TouchGFX/build/STM32F429IDISCO/TouchGFX/target/generated/TouchGFXGeneratedHAL.o
                0x08001eec                TouchGFXGeneratedHAL::configureInterrupts()
 .text._ZN20TouchGFXGeneratedHAL28enableLCDControllerInterruptEv
                0x08001f00       0x34 TouchGFX/build/STM32F429IDISCO/TouchGFX/target/generated/TouchGFXGeneratedHAL.o
                0x08001f00                TouchGFXGeneratedHAL::enableLCDControllerInterrupt()
 .text._ZNK20TouchGFXGeneratedHAL17getTFTFrameBufferEv
                0x08001f34        0xc TouchGFX/build/STM32F429IDISCO/TouchGFX/target/generated/TouchGFXGeneratedHAL.o
                0x08001f34                TouchGFXGeneratedHAL::getTFTFrameBuffer() const
 .text._ZN20TouchGFXGeneratedHAL17setTFTFrameBufferEPt
                0x08001f40       0x10 TouchGFX/build/STM32F429IDISCO/TouchGFX/target/generated/TouchGFXGeneratedHAL.o
                0x08001f40                TouchGFXGeneratedHAL::setTFTFrameBuffer(unsigned short*)
 .text._ZN8touchgfx23CWRVectorRendererRGB565D2Ev
                0x08001f50        0x2 TouchGFX/build/STM32F429IDISCO/TouchGFX/target/generated/TouchGFXGeneratedHAL.o
                0x08001f50                touchgfx::CWRVectorRendererRGB565::~CWRVectorRendererRGB565()
                0x08001f50                touchgfx::CWRVectorRendererRGB565::~CWRVectorRendererRGB565()
 .text._ZN8touchgfx17CWRVectorRenderer17CanvasWidgetProxyD2Ev
                0x08001f52        0x2 TouchGFX/build/STM32F429IDISCO/TouchGFX/target/generated/TouchGFXGeneratedHAL.o
                0x08001f52                touchgfx::CWRVectorRenderer::CanvasWidgetProxy::~CanvasWidgetProxy()
                0x08001f52                touchgfx::CWRVectorRenderer::CanvasWidgetProxy::~CanvasWidgetProxy()
 .text._ZN8touchgfx17CWRVectorRenderer17CanvasWidgetProxyD0Ev
                0x08001f54        0xe TouchGFX/build/STM32F429IDISCO/TouchGFX/target/generated/TouchGFXGeneratedHAL.o
                0x08001f54                touchgfx::CWRVectorRenderer::CanvasWidgetProxy::~CanvasWidgetProxy()
 .text._ZN8touchgfx23CWRVectorRendererRGB565D0Ev
                0x08001f62        0xe TouchGFX/build/STM32F429IDISCO/TouchGFX/target/generated/TouchGFXGeneratedHAL.o
                0x08001f62                touchgfx::CWRVectorRendererRGB565::~CWRVectorRendererRGB565()
 .text._ZN8touchgfx3HAL28setFrameBufferStartAddressesEPvS1_S1_
                0x08001f70       0x40 TouchGFX/build/STM32F429IDISCO/TouchGFX/target/generated/TouchGFXGeneratedHAL.o
                0x08001f70                touchgfx::HAL::setFrameBufferStartAddresses(void*, void*, void*)
 .text._ZN8touchgfx3HAL18setFrameBufferSizeEtt
                0x08001fb0       0x44 TouchGFX/build/STM32F429IDISCO/TouchGFX/target/generated/TouchGFXGeneratedHAL.o
                0x08001fb0                touchgfx::HAL::setFrameBufferSize(unsigned short, unsigned short)
 .text._ZN20TouchGFXGeneratedHAL10initializeEv
                0x08001ff4       0x34 TouchGFX/build/STM32F429IDISCO/TouchGFX/target/generated/TouchGFXGeneratedHAL.o
                0x08001ff4                TouchGFXGeneratedHAL::initialize()
 .text._ZN20TouchGFXGeneratedHAL10beginFrameEv
                0x08002028        0x4 TouchGFX/build/STM32F429IDISCO/TouchGFX/target/generated/TouchGFXGeneratedHAL.o
                0x08002028                TouchGFXGeneratedHAL::beginFrame()
 .text._ZN20TouchGFXGeneratedHAL8endFrameEv
                0x0800202c        0x4 TouchGFX/build/STM32F429IDISCO/TouchGFX/target/generated/TouchGFXGeneratedHAL.o
                0x0800202c                TouchGFXGeneratedHAL::endFrame()
 .text._ZN20TouchGFXGeneratedHAL16flushFrameBufferERKN8touchgfx4RectE
                0x08002030        0x4 TouchGFX/build/STM32F429IDISCO/TouchGFX/target/generated/TouchGFXGeneratedHAL.o
                0x08002030                TouchGFXGeneratedHAL::flushFrameBuffer(touchgfx::Rect const&)
 .text._ZN20TouchGFXGeneratedHAL9blockCopyEPvPKvm
                0x08002034        0x4 TouchGFX/build/STM32F429IDISCO/TouchGFX/target/generated/TouchGFXGeneratedHAL.o
                0x08002034                TouchGFXGeneratedHAL::blockCopy(void*, void const*, unsigned long)
 .text._ZN8touchgfx3HAL15backPorchExitedEv
                0x08002038       0x16 TouchGFX/build/STM32F429IDISCO/TouchGFX/target/generated/TouchGFXGeneratedHAL.o
                0x08002038                touchgfx::HAL::backPorchExited()
 .text._ZN8touchgfx3HAL11getBlitCapsEv
                0x0800204e       0x12 TouchGFX/build/STM32F429IDISCO/TouchGFX/target/generated/TouchGFXGeneratedHAL.o
                0x0800204e                touchgfx::HAL::getBlitCaps()
 .text._ZN8touchgfx3HAL31performDisplayOrientationChangeEv
                0x08002060       0x48 TouchGFX/build/STM32F429IDISCO/TouchGFX/target/generated/TouchGFXGeneratedHAL.o
                0x08002060                touchgfx::HAL::performDisplayOrientationChange()
 .text._ZN20TouchGFXGeneratedHAL16enableInterruptsEv
                0x080020a8       0x14 TouchGFX/build/STM32F429IDISCO/TouchGFX/target/generated/TouchGFXGeneratedHAL.o
                0x080020a8                TouchGFXGeneratedHAL::enableInterrupts()
 .text._ZN20TouchGFXGeneratedHAL17disableInterruptsEv
                0x080020bc       0x28 TouchGFX/build/STM32F429IDISCO/TouchGFX/target/generated/TouchGFXGeneratedHAL.o
                0x080020bc                TouchGFXGeneratedHAL::disableInterrupts()
 .text._ZN8touchgfx21AbstractPainterRGB565C2Ev
                0x080020e4       0x60 TouchGFX/build/STM32F429IDISCO/TouchGFX/target/generated/TouchGFXGeneratedHAL.o
                0x080020e4                touchgfx::AbstractPainterRGB565::AbstractPainterRGB565()
                0x080020e4                touchgfx::AbstractPainterRGB565::AbstractPainterRGB565()
 .text._ZN8touchgfx14VectorRenderer11getInstanceEv
                0x08002144       0xc8 TouchGFX/build/STM32F429IDISCO/TouchGFX/target/generated/TouchGFXGeneratedHAL.o
                0x08002144                touchgfx::VectorRenderer::getInstance()
 .text.HAL_LTDC_LineEventCallback
                0x0800220c       0x74 TouchGFX/build/STM32F429IDISCO/TouchGFX/target/generated/TouchGFXGeneratedHAL.o
                0x0800220c                HAL_LTDC_LineEventCallback
 .text._ZN8touchgfx13DMA_Interface5flushEv
                0x08002280        0x6 TouchGFX/build/STM32F429IDISCO/TouchGFX/target/generated/STM32DMA.o
                0x08002280                touchgfx::DMA_Interface::flush()
 .text._ZN8STM32DMA10getDMATypeEv
                0x08002286        0x4 TouchGFX/build/STM32F429IDISCO/TouchGFX/target/generated/STM32DMA.o
                0x08002286                STM32DMA::getDMAType()
 .text._ZN8STM32DMA18signalDMAInterruptEv
                0x0800228a        0x6 TouchGFX/build/STM32F429IDISCO/TouchGFX/target/generated/STM32DMA.o
                0x0800228a                STM32DMA::signalDMAInterrupt()
 .text.DMA2D_XferErrorCallback
                0x08002290        0x2 TouchGFX/build/STM32F429IDISCO/TouchGFX/target/generated/STM32DMA.o
 *fill*         0x08002292        0x2 
 .text._ZN8STM32DMA10initializeEv
                0x08002294       0x54 TouchGFX/build/STM32F429IDISCO/TouchGFX/target/generated/STM32DMA.o
                0x08002294                STM32DMA::initialize()
 .text._ZN8STM32DMA11getBlitCapsEv
                0x080022e8        0x6 TouchGFX/build/STM32F429IDISCO/TouchGFX/target/generated/STM32DMA.o
                0x080022e8                STM32DMA::getBlitCaps()
 *fill*         0x080022ee        0x2 
 .text.DMA2D_XferCpltCallback
                0x080022f0       0x10 TouchGFX/build/STM32F429IDISCO/TouchGFX/target/generated/STM32DMA.o
 .text._ZN8STM32DMA22getChromARTInputFormatEN8touchgfx6Bitmap12BitmapFormatE.isra.1
                0x08002300       0x40 TouchGFX/build/STM32F429IDISCO/TouchGFX/target/generated/STM32DMA.o
 .text._ZN8STM32DMA23getChromARTOutputFormatEN8touchgfx6Bitmap12BitmapFormatE.isra.3
                0x08002340       0x3c TouchGFX/build/STM32F429IDISCO/TouchGFX/target/generated/STM32DMA.o
 .text._ZN8STM32DMA13setupDataCopyERKN8touchgfx6BlitOpE
                0x0800237c      0x168 TouchGFX/build/STM32F429IDISCO/TouchGFX/target/generated/STM32DMA.o
                0x0800237c                STM32DMA::setupDataCopy(touchgfx::BlitOp const&)
 .text._ZN8STM32DMA13setupDataFillERKN8touchgfx6BlitOpE
                0x080024e4       0x8c TouchGFX/build/STM32F429IDISCO/TouchGFX/target/generated/STM32DMA.o
                0x080024e4                STM32DMA::setupDataFill(touchgfx::BlitOp const&)
 .text._ZN8STM32DMAD2Ev
                0x08002570       0x20 TouchGFX/build/STM32F429IDISCO/TouchGFX/target/generated/STM32DMA.o
                0x08002570                STM32DMA::~STM32DMA()
                0x08002570                STM32DMA::~STM32DMA()
 .text._ZN8STM32DMAD0Ev
                0x08002590       0x16 TouchGFX/build/STM32F429IDISCO/TouchGFX/target/generated/STM32DMA.o
                0x08002590                STM32DMA::~STM32DMA()
 *fill*         0x080025a6        0x2 
 .text._ZN8STM32DMAC2Ev
                0x080025a8       0x34 TouchGFX/build/STM32F429IDISCO/TouchGFX/target/generated/STM32DMA.o
                0x080025a8                STM32DMA::STM32DMA()
                0x080025a8                STM32DMA::STM32DMA()
 .text._ZN8touchgfx5paint8tearDownEv
                0x080025dc       0x14 TouchGFX/build/STM32F429IDISCO/TouchGFX/target/generated/STM32DMA.o
                0x080025dc                touchgfx::paint::tearDown()
 .text._ZN8touchgfx5paint9flushLineEPmi
                0x080025f0        0x2 TouchGFX/build/STM32F429IDISCO/TouchGFX/target/generated/STM32DMA.o
                0x080025f0                touchgfx::paint::flushLine(unsigned long*, int)
 *fill*         0x080025f2        0x2 
 .text._ZN8touchgfx5paint6rgb56513lineFromColorEPtjmhm
                0x080025f4       0x50 TouchGFX/build/STM32F429IDISCO/TouchGFX/target/generated/STM32DMA.o
                0x080025f4                touchgfx::paint::rgb565::lineFromColor(unsigned short*, unsigned int, unsigned long, unsigned char, unsigned long)
 .text._ZN8touchgfx5paint6rgb56514lineFromRGB565EPtPKtjh
                0x08002644       0x48 TouchGFX/build/STM32F429IDISCO/TouchGFX/target/generated/STM32DMA.o
                0x08002644                touchgfx::paint::rgb565::lineFromRGB565(unsigned short*, unsigned short const*, unsigned int, unsigned char)
 .text._ZN8touchgfx5paint6rgb56516lineFromARGB8888EPtPKmjh
                0x0800268c       0x38 TouchGFX/build/STM32F429IDISCO/TouchGFX/target/generated/STM32DMA.o
                0x0800268c                touchgfx::paint::rgb565::lineFromARGB8888(unsigned short*, unsigned long const*, unsigned int, unsigned char)
 .text._ZN8touchgfx10OSWrappers10initializeEv
                0x080026c4       0x50 TouchGFX/build/STM32F429IDISCO/TouchGFX/target/generated/OSWrappers.o
                0x080026c4                touchgfx::OSWrappers::initialize()
 .text._ZN8touchgfx10OSWrappers24takeFrameBufferSemaphoreEv
                0x08002714       0x10 TouchGFX/build/STM32F429IDISCO/TouchGFX/target/generated/OSWrappers.o
                0x08002714                touchgfx::OSWrappers::takeFrameBufferSemaphore()
 .text._ZN8touchgfx10OSWrappers24giveFrameBufferSemaphoreEv
                0x08002724        0xc TouchGFX/build/STM32F429IDISCO/TouchGFX/target/generated/OSWrappers.o
                0x08002724                touchgfx::OSWrappers::giveFrameBufferSemaphore()
 .text._ZN8touchgfx10OSWrappers27tryTakeFrameBufferSemaphoreEv
                0x08002730       0x10 TouchGFX/build/STM32F429IDISCO/TouchGFX/target/generated/OSWrappers.o
                0x08002730                touchgfx::OSWrappers::tryTakeFrameBufferSemaphore()
 .text._ZN8touchgfx10OSWrappers31giveFrameBufferSemaphoreFromISREv
                0x08002740        0x4 TouchGFX/build/STM32F429IDISCO/TouchGFX/target/generated/OSWrappers.o
                0x08002740                touchgfx::OSWrappers::giveFrameBufferSemaphoreFromISR()
 .text._ZN8touchgfx10OSWrappers11signalVSyncEv
                0x08002744       0x18 TouchGFX/build/STM32F429IDISCO/TouchGFX/target/generated/OSWrappers.o
                0x08002744                touchgfx::OSWrappers::signalVSync()
 .text._ZN8touchgfx10OSWrappers12waitForVSyncEv
                0x0800275c       0x28 TouchGFX/build/STM32F429IDISCO/TouchGFX/target/generated/OSWrappers.o
                0x0800275c                touchgfx::OSWrappers::waitForVSync()
 .text._ZN20STM32TouchControllerD2Ev
                0x08002784        0x2 TouchGFX/build/STM32F429IDISCO/TouchGFX/target/generated/TouchGFXConfiguration.o
                0x08002784                STM32TouchController::~STM32TouchController()
                0x08002784                STM32TouchController::~STM32TouchController()
 .text._ZN8touchgfx8LCD16bppD2Ev
                0x08002786        0x2 TouchGFX/build/STM32F429IDISCO/TouchGFX/target/generated/TouchGFXConfiguration.o
                0x08002786                touchgfx::LCD16bpp::~LCD16bpp()
                0x08002786                touchgfx::LCD16bpp::~LCD16bpp()
 .text._ZN8touchgfx22VectorFontRendererImplD2Ev
                0x08002788        0x2 TouchGFX/build/STM32F429IDISCO/TouchGFX/target/generated/TouchGFXConfiguration.o
                0x08002788                touchgfx::VectorFontRendererImpl::~VectorFontRendererImpl()
                0x08002788                touchgfx::VectorFontRendererImpl::~VectorFontRendererImpl()
 .text._ZN11TouchGFXHALD2Ev
                0x0800278a        0x2 TouchGFX/build/STM32F429IDISCO/TouchGFX/target/generated/TouchGFXConfiguration.o
                0x0800278a                TouchGFXHAL::~TouchGFXHAL()
                0x0800278a                TouchGFXHAL::~TouchGFXHAL()
 .text._ZNK8touchgfx9PartitionINS_4meta8TypeListINS_12NoTransitionENS2_INS1_3NilES4_EEEELt1EE8capacityEv
                0x0800278c        0x4 TouchGFX/build/STM32F429IDISCO/TouchGFX/target/generated/TouchGFXConfiguration.o
                0x0800278c                touchgfx::Partition<touchgfx::meta::TypeList<touchgfx::NoTransition, touchgfx::meta::TypeList<touchgfx::meta::Nil, touchgfx::meta::Nil> >, (unsigned short)1>::capacity() const
 .text._ZN8touchgfx9PartitionINS_4meta8TypeListINS_12NoTransitionENS2_INS1_3NilES4_EEEELt1EE12element_sizeEv
                0x08002790        0x4 TouchGFX/build/STM32F429IDISCO/TouchGFX/target/generated/TouchGFXConfiguration.o
                0x08002790                touchgfx::Partition<touchgfx::meta::TypeList<touchgfx::NoTransition, touchgfx::meta::TypeList<touchgfx::meta::Nil, touchgfx::meta::Nil> >, (unsigned short)1>::element_size()
 .text._ZN8touchgfx9PartitionINS_4meta8TypeListINS_12NoTransitionENS2_INS1_3NilES4_EEEELt1EE7elementEt
                0x08002794        0xa TouchGFX/build/STM32F429IDISCO/TouchGFX/target/generated/TouchGFXConfiguration.o
                0x08002794                touchgfx::Partition<touchgfx::meta::TypeList<touchgfx::NoTransition, touchgfx::meta::TypeList<touchgfx::meta::Nil, touchgfx::meta::Nil> >, (unsigned short)1>::element(unsigned short)
 .text._ZNK8touchgfx9PartitionINS_4meta8TypeListINS_12NoTransitionENS2_INS1_3NilES4_EEEELt1EE7elementEt
                0x0800279e        0xa TouchGFX/build/STM32F429IDISCO/TouchGFX/target/generated/TouchGFXConfiguration.o
                0x0800279e                touchgfx::Partition<touchgfx::meta::TypeList<touchgfx::NoTransition, touchgfx::meta::TypeList<touchgfx::meta::Nil, touchgfx::meta::Nil> >, (unsigned short)1>::element(unsigned short) const
 .text._ZNK8touchgfx9PartitionINS_4meta8TypeListI11Screen1ViewNS2_INS1_3NilES4_EEEELt1EE8capacityEv
                0x080027a8        0x4 TouchGFX/build/STM32F429IDISCO/TouchGFX/target/generated/TouchGFXConfiguration.o
                0x080027a8                touchgfx::Partition<touchgfx::meta::TypeList<Screen1View, touchgfx::meta::TypeList<touchgfx::meta::Nil, touchgfx::meta::Nil> >, (unsigned short)1>::capacity() const
 .text._ZN8touchgfx9PartitionINS_4meta8TypeListI11Screen1ViewNS2_INS1_3NilES4_EEEELt1EE12element_sizeEv
                0x080027ac        0x6 TouchGFX/build/STM32F429IDISCO/TouchGFX/target/generated/TouchGFXConfiguration.o
                0x080027ac                touchgfx::Partition<touchgfx::meta::TypeList<Screen1View, touchgfx::meta::TypeList<touchgfx::meta::Nil, touchgfx::meta::Nil> >, (unsigned short)1>::element_size()
 .text._ZN8touchgfx9PartitionINS_4meta8TypeListI11Screen1ViewNS2_INS1_3NilES4_EEEELt1EE7elementEt
                0x080027b2        0xc TouchGFX/build/STM32F429IDISCO/TouchGFX/target/generated/TouchGFXConfiguration.o
                0x080027b2                touchgfx::Partition<touchgfx::meta::TypeList<Screen1View, touchgfx::meta::TypeList<touchgfx::meta::Nil, touchgfx::meta::Nil> >, (unsigned short)1>::element(unsigned short)
 .text._ZNK8touchgfx9PartitionINS_4meta8TypeListI11Screen1ViewNS2_INS1_3NilES4_EEEELt1EE7elementEt
                0x080027be        0xc TouchGFX/build/STM32F429IDISCO/TouchGFX/target/generated/TouchGFXConfiguration.o
                0x080027be                touchgfx::Partition<touchgfx::meta::TypeList<Screen1View, touchgfx::meta::TypeList<touchgfx::meta::Nil, touchgfx::meta::Nil> >, (unsigned short)1>::element(unsigned short) const
 .text._ZNK8touchgfx9PartitionINS_4meta8TypeListI16Screen2PresenterNS2_INS1_3NilES4_EEEELt1EE8capacityEv
                0x080027ca        0x4 TouchGFX/build/STM32F429IDISCO/TouchGFX/target/generated/TouchGFXConfiguration.o
                0x080027ca                touchgfx::Partition<touchgfx::meta::TypeList<Screen2Presenter, touchgfx::meta::TypeList<touchgfx::meta::Nil, touchgfx::meta::Nil> >, (unsigned short)1>::capacity() const
 .text._ZN8touchgfx9PartitionINS_4meta8TypeListI16Screen2PresenterNS2_INS1_3NilES4_EEEELt1EE12element_sizeEv
                0x080027ce        0x4 TouchGFX/build/STM32F429IDISCO/TouchGFX/target/generated/TouchGFXConfiguration.o
                0x080027ce                touchgfx::Partition<touchgfx::meta::TypeList<Screen2Presenter, touchgfx::meta::TypeList<touchgfx::meta::Nil, touchgfx::meta::Nil> >, (unsigned short)1>::element_size()
 .text._ZN8touchgfx9PartitionINS_4meta8TypeListI16Screen2PresenterNS2_INS1_3NilES4_EEEELt1EE7elementEt
                0x080027d2        0x8 TouchGFX/build/STM32F429IDISCO/TouchGFX/target/generated/TouchGFXConfiguration.o
                0x080027d2                touchgfx::Partition<touchgfx::meta::TypeList<Screen2Presenter, touchgfx::meta::TypeList<touchgfx::meta::Nil, touchgfx::meta::Nil> >, (unsigned short)1>::element(unsigned short)
 .text._ZNK8touchgfx9PartitionINS_4meta8TypeListI16Screen2PresenterNS2_INS1_3NilES4_EEEELt1EE7elementEt
                0x080027da        0x8 TouchGFX/build/STM32F429IDISCO/TouchGFX/target/generated/TouchGFXConfiguration.o
                0x080027da                touchgfx::Partition<touchgfx::meta::TypeList<Screen2Presenter, touchgfx::meta::TypeList<touchgfx::meta::Nil, touchgfx::meta::Nil> >, (unsigned short)1>::element(unsigned short) const
 .text._ZN16FrontendHeapBase15gotoStartScreenER19FrontendApplication
                0x080027e2        0x6 TouchGFX/build/STM32F429IDISCO/TouchGFX/target/generated/TouchGFXConfiguration.o
                0x080027e2                FrontendHeapBase::gotoStartScreen(FrontendApplication&)
 .text._ZN8touchgfx9PartitionINS_4meta8TypeListINS_12NoTransitionENS2_INS1_3NilES4_EEEELt1EED2Ev
                0x080027e8       0x14 TouchGFX/build/STM32F429IDISCO/TouchGFX/target/generated/TouchGFXConfiguration.o
                0x080027e8                touchgfx::Partition<touchgfx::meta::TypeList<touchgfx::NoTransition, touchgfx::meta::TypeList<touchgfx::meta::Nil, touchgfx::meta::Nil> >, (unsigned short)1>::~Partition()
                0x080027e8                touchgfx::Partition<touchgfx::meta::TypeList<touchgfx::NoTransition, touchgfx::meta::TypeList<touchgfx::meta::Nil, touchgfx::meta::Nil> >, (unsigned short)1>::~Partition()
 .text._ZN8touchgfx9PartitionINS_4meta8TypeListINS_12NoTransitionENS2_INS1_3NilES4_EEEELt1EED0Ev
                0x080027fc       0x14 TouchGFX/build/STM32F429IDISCO/TouchGFX/target/generated/TouchGFXConfiguration.o
                0x080027fc                touchgfx::Partition<touchgfx::meta::TypeList<touchgfx::NoTransition, touchgfx::meta::TypeList<touchgfx::meta::Nil, touchgfx::meta::Nil> >, (unsigned short)1>::~Partition()
 .text._ZN8touchgfx9PartitionINS_4meta8TypeListI11Screen1ViewNS2_INS1_3NilES4_EEEELt1EED2Ev
                0x08002810       0x14 TouchGFX/build/STM32F429IDISCO/TouchGFX/target/generated/TouchGFXConfiguration.o
                0x08002810                touchgfx::Partition<touchgfx::meta::TypeList<Screen1View, touchgfx::meta::TypeList<touchgfx::meta::Nil, touchgfx::meta::Nil> >, (unsigned short)1>::~Partition()
                0x08002810                touchgfx::Partition<touchgfx::meta::TypeList<Screen1View, touchgfx::meta::TypeList<touchgfx::meta::Nil, touchgfx::meta::Nil> >, (unsigned short)1>::~Partition()
 .text._ZN8touchgfx9PartitionINS_4meta8TypeListI11Screen1ViewNS2_INS1_3NilES4_EEEELt1EED0Ev
                0x08002824       0x16 TouchGFX/build/STM32F429IDISCO/TouchGFX/target/generated/TouchGFXConfiguration.o
                0x08002824                touchgfx::Partition<touchgfx::meta::TypeList<Screen1View, touchgfx::meta::TypeList<touchgfx::meta::Nil, touchgfx::meta::Nil> >, (unsigned short)1>::~Partition()
 *fill*         0x0800283a        0x2 
 .text._ZN8touchgfx9PartitionINS_4meta8TypeListI16Screen2PresenterNS2_INS1_3NilES4_EEEELt1EED2Ev
                0x0800283c       0x14 TouchGFX/build/STM32F429IDISCO/TouchGFX/target/generated/TouchGFXConfiguration.o
                0x0800283c                touchgfx::Partition<touchgfx::meta::TypeList<Screen2Presenter, touchgfx::meta::TypeList<touchgfx::meta::Nil, touchgfx::meta::Nil> >, (unsigned short)1>::~Partition()
                0x0800283c                touchgfx::Partition<touchgfx::meta::TypeList<Screen2Presenter, touchgfx::meta::TypeList<touchgfx::meta::Nil, touchgfx::meta::Nil> >, (unsigned short)1>::~Partition()
 .text._ZN8touchgfx9PartitionINS_4meta8TypeListI16Screen2PresenterNS2_INS1_3NilES4_EEEELt1EED0Ev
                0x08002850       0x14 TouchGFX/build/STM32F429IDISCO/TouchGFX/target/generated/TouchGFXConfiguration.o
                0x08002850                touchgfx::Partition<touchgfx::meta::TypeList<Screen2Presenter, touchgfx::meta::TypeList<touchgfx::meta::Nil, touchgfx::meta::Nil> >, (unsigned short)1>::~Partition()
 .text._ZN12FrontendHeapD2Ev
                0x08002864       0x28 TouchGFX/build/STM32F429IDISCO/TouchGFX/target/generated/TouchGFXConfiguration.o
                0x08002864                FrontendHeap::~FrontendHeap()
                0x08002864                FrontendHeap::~FrontendHeap()
 .text._ZN12FrontendHeapD0Ev
                0x0800288c       0x16 TouchGFX/build/STM32F429IDISCO/TouchGFX/target/generated/TouchGFXConfiguration.o
                0x0800288c                FrontendHeap::~FrontendHeap()
 *fill*         0x080028a2        0x2 
 .text.touchgfx_init
                0x080028a4       0xf8 TouchGFX/build/STM32F429IDISCO/TouchGFX/target/generated/TouchGFXConfiguration.o
                0x080028a4                touchgfx_init
 .text.touchgfx_components_init
                0x0800299c        0x2 TouchGFX/build/STM32F429IDISCO/TouchGFX/target/generated/TouchGFXConfiguration.o
                0x0800299c                touchgfx_components_init
 *fill*         0x0800299e        0x2 
 .text.touchgfx_taskEntry
                0x080029a0        0xc TouchGFX/build/STM32F429IDISCO/TouchGFX/target/generated/TouchGFXConfiguration.o
                0x080029a0                touchgfx_taskEntry
 .text._ZN20STM32TouchControllerD0Ev
                0x080029ac        0xe TouchGFX/build/STM32F429IDISCO/TouchGFX/target/generated/TouchGFXConfiguration.o
                0x080029ac                STM32TouchController::~STM32TouchController()
 .text._ZN8touchgfx8LCD16bppD0Ev
                0x080029ba        0xe TouchGFX/build/STM32F429IDISCO/TouchGFX/target/generated/TouchGFXConfiguration.o
                0x080029ba                touchgfx::LCD16bpp::~LCD16bpp()
 .text._ZN8touchgfx22VectorFontRendererImplD0Ev
                0x080029c8        0xe TouchGFX/build/STM32F429IDISCO/TouchGFX/target/generated/TouchGFXConfiguration.o
                0x080029c8                touchgfx::VectorFontRendererImpl::~VectorFontRendererImpl()
 .text._ZN11TouchGFXHALD0Ev
                0x080029d6        0xe TouchGFX/build/STM32F429IDISCO/TouchGFX/target/generated/TouchGFXConfiguration.o
                0x080029d6                TouchGFXHAL::~TouchGFXHAL()
 .text.startup._GLOBAL__sub_I_touchgfx_init
                0x080029e4      0x174 TouchGFX/build/STM32F429IDISCO/TouchGFX/target/generated/TouchGFXConfiguration.o
 .text._ZN11TouchGFXHAL10initializeEv
                0x08002b58       0x1c TouchGFX/build/STM32F429IDISCO/TouchGFX/target/TouchGFXHAL.o
                0x08002b58                TouchGFXHAL::initialize()
 .text._ZN11TouchGFXHAL9taskEntryEv
                0x08002b74       0x34 TouchGFX/build/STM32F429IDISCO/TouchGFX/target/TouchGFXHAL.o
                0x08002b74                TouchGFXHAL::taskEntry()
 .text._ZNK11TouchGFXHAL17getTFTFrameBufferEv
                0x08002ba8        0x4 TouchGFX/build/STM32F429IDISCO/TouchGFX/target/TouchGFXHAL.o
                0x08002ba8                TouchGFXHAL::getTFTFrameBuffer() const
 .text._ZN11TouchGFXHAL17setTFTFrameBufferEPt
                0x08002bac        0x4 TouchGFX/build/STM32F429IDISCO/TouchGFX/target/TouchGFXHAL.o
                0x08002bac                TouchGFXHAL::setTFTFrameBuffer(unsigned short*)
 .text._ZN11TouchGFXHAL16flushFrameBufferERKN8touchgfx4RectE
                0x08002bb0        0x4 TouchGFX/build/STM32F429IDISCO/TouchGFX/target/TouchGFXHAL.o
                0x08002bb0                TouchGFXHAL::flushFrameBuffer(touchgfx::Rect const&)
 .text._ZN11TouchGFXHAL19configureInterruptsEv
                0x08002bb4        0x4 TouchGFX/build/STM32F429IDISCO/TouchGFX/target/TouchGFXHAL.o
                0x08002bb4                TouchGFXHAL::configureInterrupts()
 .text._ZN11TouchGFXHAL16enableInterruptsEv
                0x08002bb8        0x4 TouchGFX/build/STM32F429IDISCO/TouchGFX/target/TouchGFXHAL.o
                0x08002bb8                TouchGFXHAL::enableInterrupts()
 .text._ZN11TouchGFXHAL17disableInterruptsEv
                0x08002bbc        0x4 TouchGFX/build/STM32F429IDISCO/TouchGFX/target/TouchGFXHAL.o
                0x08002bbc                TouchGFXHAL::disableInterrupts()
 .text._ZN11TouchGFXHAL28enableLCDControllerInterruptEv
                0x08002bc0        0x4 TouchGFX/build/STM32F429IDISCO/TouchGFX/target/TouchGFXHAL.o
                0x08002bc0                TouchGFXHAL::enableLCDControllerInterrupt()
 .text._ZN11TouchGFXHAL16flushFrameBufferEv
                0x08002bc4        0x4 TouchGFX/build/STM32F429IDISCO/TouchGFX/target/TouchGFXHAL.o
                0x08002bc4                TouchGFXHAL::flushFrameBuffer()
 .text._ZN8touchgfx4GPIO3setENS0_7GPIO_IDE
                0x08002bc8       0x54 TouchGFX/build/STM32F429IDISCO/TouchGFX/target/TouchGFXGPIO.o
                0x08002bc8                touchgfx::GPIO::set(touchgfx::GPIO::GPIO_ID)
 .text._ZN8touchgfx4GPIO5clearENS0_7GPIO_IDE
                0x08002c1c       0x54 TouchGFX/build/STM32F429IDISCO/TouchGFX/target/TouchGFXGPIO.o
                0x08002c1c                touchgfx::GPIO::clear(touchgfx::GPIO::GPIO_ID)
 .text._ZN8touchgfx4GPIO6toggleENS0_7GPIO_IDE
                0x08002c70       0x28 TouchGFX/build/STM32F429IDISCO/TouchGFX/target/TouchGFXGPIO.o
                0x08002c70                touchgfx::GPIO::toggle(touchgfx::GPIO::GPIO_ID)
 .text._ZN8touchgfx4GPIO3getENS0_7GPIO_IDE
                0x08002c98       0x34 TouchGFX/build/STM32F429IDISCO/TouchGFX/target/TouchGFXGPIO.o
                0x08002c98                touchgfx::GPIO::get(touchgfx::GPIO::GPIO_ID)
 .text._ZN8touchgfx4GPIO4initEv
                0x08002ccc       0x28 TouchGFX/build/STM32F429IDISCO/TouchGFX/target/TouchGFXGPIO.o
                0x08002ccc                touchgfx::GPIO::init()
 .text._Z11BSP_TS_Inittt
                0x08002cf4       0x44 TouchGFX/build/STM32F429IDISCO/TouchGFX/target/STM32TouchController.o
                0x08002cf4                BSP_TS_Init(unsigned short, unsigned short)
 .text._ZN20STM32TouchController4initEv
                0x08002d38        0xa TouchGFX/build/STM32F429IDISCO/TouchGFX/target/STM32TouchController.o
                0x08002d38                STM32TouchController::init()
 *fill*         0x08002d42        0x2 
 .text._Z15BSP_TS_GetStateP15TS_StateTypeDef
                0x08002d44      0x100 TouchGFX/build/STM32F429IDISCO/TouchGFX/target/STM32TouchController.o
                0x08002d44                BSP_TS_GetState(TS_StateTypeDef*)
 .text._ZN20STM32TouchController11sampleTouchERlS0_
                0x08002e44       0x24 TouchGFX/build/STM32F429IDISCO/TouchGFX/target/STM32TouchController.o
                0x08002e44                STM32TouchController::sampleTouch(long&, long&)
 .text.SystemInit
                0x08002e68       0x1c TouchGFX/build/STM32F429IDISCO/Core/Src/system_stm32f4xx.o
                0x08002e68                SystemInit
 .text.HAL_InitTick
                0x08002e84       0xa0 TouchGFX/build/STM32F429IDISCO/Core/Src/stm32f4xx_hal_timebase_tim.o
                0x08002e84                HAL_InitTick
 .text.SPI5_Write
                0x08002f24       0x24 TouchGFX/build/STM32F429IDISCO/Core/Src/main.o
 .text.StartDefaultTask
                0x08002f48        0xa TouchGFX/build/STM32F429IDISCO/Core/Src/main.o
                0x08002f48                StartDefaultTask
 *fill*         0x08002f52        0x2 
 .text.SystemClock_Config
                0x08002f54       0x9c TouchGFX/build/STM32F429IDISCO/Core/Src/main.o
                0x08002f54                SystemClock_Config
 .text.startup.main
                0x08002ff0      0x3f0 TouchGFX/build/STM32F429IDISCO/Core/Src/main.o
                0x08002ff0                main
 .text.IOE_Init
                0x080033e0        0x2 TouchGFX/build/STM32F429IDISCO/Core/Src/main.o
                0x080033e0                IOE_Init
 .text.IOE_ITConfig
                0x080033e2        0x2 TouchGFX/build/STM32F429IDISCO/Core/Src/main.o
                0x080033e2                IOE_ITConfig
 .text.IOE_Write
                0x080033e4       0x2c TouchGFX/build/STM32F429IDISCO/Core/Src/main.o
                0x080033e4                IOE_Write
 .text.IOE_Read
                0x08003410       0x34 TouchGFX/build/STM32F429IDISCO/Core/Src/main.o
                0x08003410                IOE_Read
 .text.IOE_ReadMultiple
                0x08003444       0x2c TouchGFX/build/STM32F429IDISCO/Core/Src/main.o
                0x08003444                IOE_ReadMultiple
 .text.IOE_Delay
                0x08003470        0x4 TouchGFX/build/STM32F429IDISCO/Core/Src/main.o
                0x08003470                IOE_Delay
 .text.LCD_IO_Init
                0x08003474       0x20 TouchGFX/build/STM32F429IDISCO/Core/Src/main.o
                0x08003474                LCD_IO_Init
 .text.LCD_IO_WriteData
                0x08003494       0x38 TouchGFX/build/STM32F429IDISCO/Core/Src/main.o
                0x08003494                LCD_IO_WriteData
 .text.LCD_IO_WriteReg
                0x080034cc       0x38 TouchGFX/build/STM32F429IDISCO/Core/Src/main.o
                0x080034cc                LCD_IO_WriteReg
 .text.LCD_IO_ReadData
                0x08003504       0x64 TouchGFX/build/STM32F429IDISCO/Core/Src/main.o
                0x08003504                LCD_IO_ReadData
 .text.LCD_Delay
                0x08003568        0x4 TouchGFX/build/STM32F429IDISCO/Core/Src/main.o
                0x08003568                LCD_Delay
 .text.HAL_TIM_PeriodElapsedCallback
                0x0800356c       0x14 TouchGFX/build/STM32F429IDISCO/Core/Src/main.o
                0x0800356c                HAL_TIM_PeriodElapsedCallback
 .text.Error_Handler
                0x08003580        0x2 TouchGFX/build/STM32F429IDISCO/Core/Src/main.o
                0x08003580                Error_Handler
 .text.NMI_Handler
                0x08003582        0x2 TouchGFX/build/STM32F429IDISCO/Core/Src/stm32f4xx_it.o
                0x08003582                NMI_Handler
 .text.HardFault_Handler
                0x08003584        0x2 TouchGFX/build/STM32F429IDISCO/Core/Src/stm32f4xx_it.o
                0x08003584                HardFault_Handler
 .text.MemManage_Handler
                0x08003586        0x2 TouchGFX/build/STM32F429IDISCO/Core/Src/stm32f4xx_it.o
                0x08003586                MemManage_Handler
 .text.BusFault_Handler
                0x08003588        0x2 TouchGFX/build/STM32F429IDISCO/Core/Src/stm32f4xx_it.o
                0x08003588                BusFault_Handler
 .text.UsageFault_Handler
                0x0800358a        0x2 TouchGFX/build/STM32F429IDISCO/Core/Src/stm32f4xx_it.o
                0x0800358a                UsageFault_Handler
 .text.DebugMon_Handler
                0x0800358c        0x2 TouchGFX/build/STM32F429IDISCO/Core/Src/stm32f4xx_it.o
                0x0800358c                DebugMon_Handler
 *fill*         0x0800358e        0x2 
 .text.TIM6_DAC_IRQHandler
                0x08003590        0xc TouchGFX/build/STM32F429IDISCO/Core/Src/stm32f4xx_it.o
                0x08003590                TIM6_DAC_IRQHandler
 .text.LTDC_IRQHandler
                0x0800359c        0xc TouchGFX/build/STM32F429IDISCO/Core/Src/stm32f4xx_it.o
                0x0800359c                LTDC_IRQHandler
 .text.DMA2D_IRQHandler
                0x080035a8        0xc TouchGFX/build/STM32F429IDISCO/Core/Src/stm32f4xx_it.o
                0x080035a8                DMA2D_IRQHandler
 .text.HAL_MspInit
                0x080035b4       0x40 TouchGFX/build/STM32F429IDISCO/Core/Src/stm32f4xx_hal_msp.o
                0x080035b4                HAL_MspInit
 .text.HAL_CRC_MspInit
                0x080035f4       0x30 TouchGFX/build/STM32F429IDISCO/Core/Src/stm32f4xx_hal_msp.o
                0x080035f4                HAL_CRC_MspInit
 .text.HAL_DMA2D_MspInit
                0x08003624       0x44 TouchGFX/build/STM32F429IDISCO/Core/Src/stm32f4xx_hal_msp.o
                0x08003624                HAL_DMA2D_MspInit
 .text.HAL_I2C_MspInit
                0x08003668       0xb8 TouchGFX/build/STM32F429IDISCO/Core/Src/stm32f4xx_hal_msp.o
                0x08003668                HAL_I2C_MspInit
 .text.HAL_LTDC_MspInit
                0x08003720      0x1b8 TouchGFX/build/STM32F429IDISCO/Core/Src/stm32f4xx_hal_msp.o
                0x08003720                HAL_LTDC_MspInit
 .text.HAL_SPI_MspInit
                0x080038d8       0x6c TouchGFX/build/STM32F429IDISCO/Core/Src/stm32f4xx_hal_msp.o
                0x080038d8                HAL_SPI_MspInit
 .text.HAL_SDRAM_MspInit
                0x08003944       0xe0 TouchGFX/build/STM32F429IDISCO/Core/Src/stm32f4xx_hal_msp.o
                0x08003944                HAL_SDRAM_MspInit
 .text.HAL_PWREx_EnableOverDrive
                0x08003a24       0x78 TouchGFX/build/STM32F429IDISCO/Drivers/STM32F4xx_HAL_Driver/Src/stm32f4xx_hal_pwr_ex.o
                0x08003a24                HAL_PWREx_EnableOverDrive
 .text.HAL_SDRAM_Init
                0x08003a9c       0x40 TouchGFX/build/STM32F429IDISCO/Drivers/STM32F4xx_HAL_Driver/Src/stm32f4xx_hal_sdram.o
                0x08003a9c                HAL_SDRAM_Init
 .text.HAL_SDRAM_SendCommand
                0x08003adc       0x3c TouchGFX/build/STM32F429IDISCO/Drivers/STM32F4xx_HAL_Driver/Src/stm32f4xx_hal_sdram.o
                0x08003adc                HAL_SDRAM_SendCommand
 .text.HAL_SDRAM_ProgramRefreshRate
                0x08003b18       0x30 TouchGFX/build/STM32F429IDISCO/Drivers/STM32F4xx_HAL_Driver/Src/stm32f4xx_hal_sdram.o
                0x08003b18                HAL_SDRAM_ProgramRefreshRate
 .text.HAL_RCC_OscConfig
                0x08003b48      0x358 TouchGFX/build/STM32F429IDISCO/Drivers/STM32F4xx_HAL_Driver/Src/stm32f4xx_hal_rcc.o
                0x08003b48                HAL_RCC_OscConfig
 .text.HAL_RCC_GetSysClockFreq
                0x08003ea0       0x5c TouchGFX/build/STM32F429IDISCO/Drivers/STM32F4xx_HAL_Driver/Src/stm32f4xx_hal_rcc.o
                0x08003ea0                HAL_RCC_GetSysClockFreq
 .text.HAL_RCC_ClockConfig
                0x08003efc      0x13c TouchGFX/build/STM32F429IDISCO/Drivers/STM32F4xx_HAL_Driver/Src/stm32f4xx_hal_rcc.o
                0x08003efc                HAL_RCC_ClockConfig
 .text.HAL_RCC_GetPCLK1Freq
                0x08004038       0x20 TouchGFX/build/STM32F429IDISCO/Drivers/STM32F4xx_HAL_Driver/Src/stm32f4xx_hal_rcc.o
                0x08004038                HAL_RCC_GetPCLK1Freq
 .text.HAL_RCC_GetClockConfig
                0x08004058       0x3c TouchGFX/build/STM32F429IDISCO/Drivers/STM32F4xx_HAL_Driver/Src/stm32f4xx_hal_rcc.o
                0x08004058                HAL_RCC_GetClockConfig
 .text.HAL_TIM_Base_MspInit
                0x08004094        0x2 TouchGFX/build/STM32F429IDISCO/Drivers/STM32F4xx_HAL_Driver/Src/stm32f4xx_hal_tim.o
                0x08004094                HAL_TIM_Base_MspInit
 *fill*         0x08004096        0x2 
 .text.HAL_TIM_Base_Start_IT
                0x08004098       0x74 TouchGFX/build/STM32F429IDISCO/Drivers/STM32F4xx_HAL_Driver/Src/stm32f4xx_hal_tim.o
                0x08004098                HAL_TIM_Base_Start_IT
 .text.HAL_TIM_OC_DelayElapsedCallback
                0x0800410c        0x2 TouchGFX/build/STM32F429IDISCO/Drivers/STM32F4xx_HAL_Driver/Src/stm32f4xx_hal_tim.o
                0x0800410c                HAL_TIM_OC_DelayElapsedCallback
 .text.HAL_TIM_IC_CaptureCallback
                0x0800410e        0x2 TouchGFX/build/STM32F429IDISCO/Drivers/STM32F4xx_HAL_Driver/Src/stm32f4xx_hal_tim.o
                0x0800410e                HAL_TIM_IC_CaptureCallback
 .text.HAL_TIM_PWM_PulseFinishedCallback
                0x08004110        0x2 TouchGFX/build/STM32F429IDISCO/Drivers/STM32F4xx_HAL_Driver/Src/stm32f4xx_hal_tim.o
                0x08004110                HAL_TIM_PWM_PulseFinishedCallback
 .text.HAL_TIM_TriggerCallback
                0x08004112        0x2 TouchGFX/build/STM32F429IDISCO/Drivers/STM32F4xx_HAL_Driver/Src/stm32f4xx_hal_tim.o
                0x08004112                HAL_TIM_TriggerCallback
 .text.HAL_TIM_IRQHandler
                0x08004114      0x130 TouchGFX/build/STM32F429IDISCO/Drivers/STM32F4xx_HAL_Driver/Src/stm32f4xx_hal_tim.o
                0x08004114                HAL_TIM_IRQHandler
 .text.TIM_Base_SetConfig
                0x08004244       0xd8 TouchGFX/build/STM32F429IDISCO/Drivers/STM32F4xx_HAL_Driver/Src/stm32f4xx_hal_tim.o
                0x08004244                TIM_Base_SetConfig
 .text.HAL_TIM_Base_Init
                0x0800431c       0x58 TouchGFX/build/STM32F429IDISCO/Drivers/STM32F4xx_HAL_Driver/Src/stm32f4xx_hal_tim.o
                0x0800431c                HAL_TIM_Base_Init
 .text.I2C_IsAcknowledgeFailed
                0x08004374       0x34 TouchGFX/build/STM32F429IDISCO/Drivers/STM32F4xx_HAL_Driver/Src/stm32f4xx_hal_i2c.o
 .text.I2C_WaitOnFlagUntilTimeout
                0x080043a8       0x7c TouchGFX/build/STM32F429IDISCO/Drivers/STM32F4xx_HAL_Driver/Src/stm32f4xx_hal_i2c.o
 .text.I2C_WaitOnMasterAddressFlagUntilTimeout
                0x08004424       0x80 TouchGFX/build/STM32F429IDISCO/Drivers/STM32F4xx_HAL_Driver/Src/stm32f4xx_hal_i2c.o
 .text.I2C_WaitOnBTFFlagUntilTimeout
                0x080044a4       0x54 TouchGFX/build/STM32F429IDISCO/Drivers/STM32F4xx_HAL_Driver/Src/stm32f4xx_hal_i2c.o
 .text.I2C_WaitOnRXNEFlagUntilTimeout
                0x080044f8       0x66 TouchGFX/build/STM32F429IDISCO/Drivers/STM32F4xx_HAL_Driver/Src/stm32f4xx_hal_i2c.o
 .text.I2C_WaitOnTXEFlagUntilTimeout
                0x0800455e       0x54 TouchGFX/build/STM32F429IDISCO/Drivers/STM32F4xx_HAL_Driver/Src/stm32f4xx_hal_i2c.o
 *fill*         0x080045b2        0x2 
 .text.I2C_RequestMemoryWrite
                0x080045b4       0xac TouchGFX/build/STM32F429IDISCO/Drivers/STM32F4xx_HAL_Driver/Src/stm32f4xx_hal_i2c.o
 .text.I2C_RequestMemoryRead
                0x08004660       0xfc TouchGFX/build/STM32F429IDISCO/Drivers/STM32F4xx_HAL_Driver/Src/stm32f4xx_hal_i2c.o
 .text.HAL_I2C_Init
                0x0800475c      0x160 TouchGFX/build/STM32F429IDISCO/Drivers/STM32F4xx_HAL_Driver/Src/stm32f4xx_hal_i2c.o
                0x0800475c                HAL_I2C_Init
 .text.HAL_I2C_Mem_Write
                0x080048bc      0x128 TouchGFX/build/STM32F429IDISCO/Drivers/STM32F4xx_HAL_Driver/Src/stm32f4xx_hal_i2c.o
                0x080048bc                HAL_I2C_Mem_Write
 .text.HAL_I2C_Mem_Read
                0x080049e4      0x228 TouchGFX/build/STM32F429IDISCO/Drivers/STM32F4xx_HAL_Driver/Src/stm32f4xx_hal_i2c.o
                0x080049e4                HAL_I2C_Mem_Read
 .text.HAL_I2CEx_ConfigAnalogFilter
                0x08004c0c       0x44 TouchGFX/build/STM32F429IDISCO/Drivers/STM32F4xx_HAL_Driver/Src/stm32f4xx_hal_i2c_ex.o
                0x08004c0c                HAL_I2CEx_ConfigAnalogFilter
 .text.HAL_I2CEx_ConfigDigitalFilter
                0x08004c50       0x42 TouchGFX/build/STM32F429IDISCO/Drivers/STM32F4xx_HAL_Driver/Src/stm32f4xx_hal_i2c_ex.o
                0x08004c50                HAL_I2CEx_ConfigDigitalFilter
 .text.HAL_TIMEx_CommutCallback
                0x08004c92        0x2 TouchGFX/build/STM32F429IDISCO/Drivers/STM32F4xx_HAL_Driver/Src/stm32f4xx_hal_tim_ex.o
                0x08004c92                HAL_TIMEx_CommutCallback
 .text.HAL_TIMEx_BreakCallback
                0x08004c94        0x2 TouchGFX/build/STM32F429IDISCO/Drivers/STM32F4xx_HAL_Driver/Src/stm32f4xx_hal_tim_ex.o
                0x08004c94                HAL_TIMEx_BreakCallback
 *fill*         0x08004c96        0x2 
 .text.HAL_NVIC_SetPriorityGrouping
                0x08004c98       0x24 TouchGFX/build/STM32F429IDISCO/Drivers/STM32F4xx_HAL_Driver/Src/stm32f4xx_hal_cortex.o
                0x08004c98                HAL_NVIC_SetPriorityGrouping
 .text.HAL_NVIC_SetPriority
                0x08004cbc       0x68 TouchGFX/build/STM32F429IDISCO/Drivers/STM32F4xx_HAL_Driver/Src/stm32f4xx_hal_cortex.o
                0x08004cbc                HAL_NVIC_SetPriority
 .text.HAL_NVIC_EnableIRQ
                0x08004d24       0x1c TouchGFX/build/STM32F429IDISCO/Drivers/STM32F4xx_HAL_Driver/Src/stm32f4xx_hal_cortex.o
                0x08004d24                HAL_NVIC_EnableIRQ
 .text.FMC_SDRAM_Init
                0x08004d40       0x68 TouchGFX/build/STM32F429IDISCO/Drivers/STM32F4xx_HAL_Driver/Src/stm32f4xx_ll_fmc.o
                0x08004d40                FMC_SDRAM_Init
 .text.FMC_SDRAM_Timing_Init
                0x08004da8       0x84 TouchGFX/build/STM32F429IDISCO/Drivers/STM32F4xx_HAL_Driver/Src/stm32f4xx_ll_fmc.o
                0x08004da8                FMC_SDRAM_Timing_Init
 .text.FMC_SDRAM_SendCommand
                0x08004e2c       0x48 TouchGFX/build/STM32F429IDISCO/Drivers/STM32F4xx_HAL_Driver/Src/stm32f4xx_ll_fmc.o
                0x08004e2c                FMC_SDRAM_SendCommand
 .text.FMC_SDRAM_ProgramRefreshRate
                0x08004e74       0x14 TouchGFX/build/STM32F429IDISCO/Drivers/STM32F4xx_HAL_Driver/Src/stm32f4xx_ll_fmc.o
                0x08004e74                FMC_SDRAM_ProgramRefreshRate
 .text.HAL_GPIO_Init
                0x08004e88      0x1dc TouchGFX/build/STM32F429IDISCO/Drivers/STM32F4xx_HAL_Driver/Src/stm32f4xx_hal_gpio.o
                0x08004e88                HAL_GPIO_Init
 .text.HAL_GPIO_ReadPin
                0x08005064        0xc TouchGFX/build/STM32F429IDISCO/Drivers/STM32F4xx_HAL_Driver/Src/stm32f4xx_hal_gpio.o
                0x08005064                HAL_GPIO_ReadPin
 .text.HAL_GPIO_WritePin
                0x08005070        0xa TouchGFX/build/STM32F429IDISCO/Drivers/STM32F4xx_HAL_Driver/Src/stm32f4xx_hal_gpio.o
                0x08005070                HAL_GPIO_WritePin
 .text.HAL_GPIO_TogglePin
                0x0800507a       0x12 TouchGFX/build/STM32F429IDISCO/Drivers/STM32F4xx_HAL_Driver/Src/stm32f4xx_hal_gpio.o
                0x0800507a                HAL_GPIO_TogglePin
 .text.SPI_WaitFlagStateUntilTimeout
                0x0800508c       0xbc TouchGFX/build/STM32F429IDISCO/Drivers/STM32F4xx_HAL_Driver/Src/stm32f4xx_hal_spi.o
 .text.SPI_EndRxTxTransaction
                0x08005148       0x78 TouchGFX/build/STM32F429IDISCO/Drivers/STM32F4xx_HAL_Driver/Src/stm32f4xx_hal_spi.o
 .text.SPI_EndRxTransaction
                0x080051c0       0x60 TouchGFX/build/STM32F429IDISCO/Drivers/STM32F4xx_HAL_Driver/Src/stm32f4xx_hal_spi.o
 .text.HAL_SPI_Init