C:/TouchGFXProjects/dino-egg-shooter/MyApplication/TouchGFX/gui/src/model/Model.cpp:5:1:Model::Model()	0	static
C:/TouchGFXProjects/dino-egg-shooter/MyApplication/TouchGFX/gui/src/model/Model.cpp:10:6:void Model::tick()	0	static
C:/TouchGFXProjects/dino-egg-shooter/MyApplication/TouchGFX/gui/src/model/Model.cpp:15:6:void Model::setLevel(int)	0	static
C:/TouchGFXProjects/dino-egg-shooter/MyApplication/TouchGFX/gui/src/model/Model.cpp:20:6:void Model::setTime(int)	0	static
C:/TouchGFXProjects/dino-egg-shooter/MyApplication/TouchGFX/gui/src/model/Model.cpp:25:6:void Model::setScore(int)	8	static
C:/TouchGFXProjects/dino-egg-shooter/MyApplication/TouchGFX/gui/src/model/Model.cpp:35:5:int Model::getLevel()	0	static
C:/TouchGFXProjects/dino-egg-shooter/MyApplication/TouchGFX/gui/src/model/Model.cpp:40:5:int Model::getTime()	0	static
C:/TouchGFXProjects/dino-egg-shooter/MyApplication/TouchGFX/gui/src/model/Model.cpp:45:5:int Model::getScore()	0	static
C:/TouchGFXProjects/dino-egg-shooter/MyApplication/TouchGFX/gui/src/model/Model.cpp:50:5:int Model::getHighScore() const	0	static
