../../Middlewares/ST/touchgfx/framework/include/touchgfx/Screen.hpp:104:18:virtual void touchgfx::Screen::afterTransition()	0	static
../../Middlewares/ST/touchgfx/framework/include/touchgfx/Screen.hpp:154:18:virtual void touchgfx::Screen::handleKeyEvent(uint8_t)	0	static
C:/TouchGFXProjects/TouchGFXProjects/MyApplication/TouchGFX/gui/src/screen1_screen/Screen1View.cpp:47:6:virtual void Screen1View::tearDownScreen()	0	static
C:/TouchGFXProjects/TouchGFXProjects/MyApplication/TouchGFX/gui/src/screen1_screen/Screen1View.cpp:362:6:virtual void Screen1View::loadLevel(int)	144	static
../../TouchGFX/gui/include/gui/screen1_screen/Screen1View.hpp:14:13:Screen1View::~Screen1View()	8	static
../../TouchGFX/gui/include/gui/screen1_screen/Screen1View.hpp:14:13:virtual Screen1View::~Screen1View()	8	static
../../Middlewares/ST/touchgfx/framework/include/touchgfx/Drawable.hpp:343:10:void touchgfx::Drawable::setXY(int16_t, int16_t)	16	static
C:/TouchGFXProjects/TouchGFXProjects/MyApplication/TouchGFX/gui/src/screen1_screen/Screen1View.cpp:322:7:float CalculateEggAngle(int)	8	static
C:/TouchGFXProjects/TouchGFXProjects/MyApplication/TouchGFX/gui/src/screen1_screen/Screen1View.cpp:383:5:virtual int Screen1Presenter::getLevel()	0	static
C:/TouchGFXProjects/TouchGFXProjects/MyApplication/TouchGFX/gui/src/screen1_screen/Screen1View.cpp:388:6:virtual void Screen1Presenter::onLose(int)	0	static
C:/TouchGFXProjects/TouchGFXProjects/MyApplication/TouchGFX/gui/src/screen1_screen/Screen1View.cpp:15:1:Screen1View::Screen1View()	1544	static
C:/TouchGFXProjects/TouchGFXProjects/MyApplication/TouchGFX/gui/src/screen1_screen/Screen1View.cpp:392:6:virtual void Screen1View::updateText(int, int, int)	24	static
C:/TouchGFXProjects/TouchGFXProjects/MyApplication/TouchGFX/gui/src/screen1_screen/Screen1View.cpp:40:6:virtual void Screen1View::setupScreen()	16	static
C:/TouchGFXProjects/TouchGFXProjects/MyApplication/TouchGFX/gui/src/screen1_screen/Screen1View.cpp:242:6:virtual void Screen1View::changeShotImage(uint8_t*)	16	static
C:/TouchGFXProjects/TouchGFXProjects/MyApplication/TouchGFX/gui/src/screen1_screen/Screen1View.cpp:185:6:virtual void Screen1View::createNewImage(uint8_t)	24	static
C:/TouchGFXProjects/TouchGFXProjects/MyApplication/TouchGFX/gui/src/screen1_screen/Screen1View.cpp:213:6:virtual void Screen1View::createNewImage(uint8_t*)	24	static
C:/TouchGFXProjects/TouchGFXProjects/MyApplication/TouchGFX/gui/src/screen1_screen/Screen1View.cpp:262:6:virtual void Screen1View::handleCollision()	584	static
C:/TouchGFXProjects/TouchGFXProjects/MyApplication/TouchGFX/gui/src/screen1_screen/Screen1View.cpp:51:6:virtual void Screen1View::handleTickEvent()	112	static
