../../Middlewares/ST/touchgfx/framework/include/touchgfx/Drawable.hpp:147:23:virtual touchgfx::Drawable* touchgfx::Drawable::getFirstChild()	0	static
../../Middlewares/ST/touchgfx/framework/include/touchgfx/Drawable.hpp:315:18:virtual void touchgfx::Drawable::setX(int16_t)	0	static
../../Middlewares/ST/touchgfx/framework/include/touchgfx/Drawable.hpp:327:18:virtual void touchgfx::Drawable::setY(int16_t)	0	static
../../Middlewares/ST/touchgfx/framework/include/touchgfx/Drawable.hpp:356:18:virtual void touchgfx::Drawable::setWidth(int16_t)	0	static
../../Middlewares/ST/touchgfx/framework/include/touchgfx/Drawable.hpp:368:18:virtual void touchgfx::Drawable::setHeight(int16_t)	0	static
../../Middlewares/ST/touchgfx/framework/include/touchgfx/Drawable.hpp:378:18:virtual void touchgfx::Drawable::childGeometryChanged()	0	static
../../Middlewares/ST/touchgfx/framework/include/touchgfx/Drawable.hpp:389:18:virtual void touchgfx::Drawable::handleClickEvent(const touchgfx::ClickEvent&)	0	static
../../Middlewares/ST/touchgfx/framework/include/touchgfx/Drawable.hpp:401:18:virtual void touchgfx::Drawable::handleGestureEvent(const touchgfx::GestureEvent&)	0	static
../../Middlewares/ST/touchgfx/framework/include/touchgfx/Drawable.hpp:490:18:virtual void touchgfx::Drawable::handleDragEvent(const touchgfx::DragEvent&)	0	static
../../Middlewares/ST/touchgfx/framework/include/touchgfx/Drawable.hpp:501:18:virtual void touchgfx::Drawable::handleTickEvent()	0	static
../../Middlewares/ST/touchgfx/framework/include/touchgfx/Drawable.hpp:588:18:virtual void touchgfx::Drawable::moveTo(int16_t, int16_t)	4	static
../../Middlewares/ST/touchgfx/framework/include/touchgfx/Drawable.hpp:703:18:virtual void touchgfx::Drawable::setupDrawChain(const touchgfx::Rect&, touchgfx::Drawable**)	0	static
../../Middlewares/ST/touchgfx/framework/include/touchgfx/Screen.hpp:104:18:virtual void touchgfx::Screen::afterTransition()	0	static
../../Middlewares/ST/touchgfx/framework/include/touchgfx/Screen.hpp:154:18:virtual void touchgfx::Screen::handleKeyEvent(uint8_t)	0	static
C:/TouchGFXProjects/dino-egg-shooter/MyApplication/TouchGFX/gui/src/screen1_screen/Screen1View.cpp:63:6:virtual void Screen1View::tearDownScreen()	0	static
C:/TouchGFXProjects/dino-egg-shooter/MyApplication/TouchGFX/gui/src/screen1_screen/Screen1View.cpp:267:6:virtual void Screen1View::changeShotImage(uint8_t*)	16	static
C:/TouchGFXProjects/dino-egg-shooter/MyApplication/TouchGFX/gui/src/screen1_screen/Screen1View.cpp:401:6:virtual void Screen1View::loadLevel(int)	144	static
C:/TouchGFXProjects/dino-egg-shooter/MyApplication/TouchGFX/gui/src/screen1_screen/Screen1View.cpp:431:6:virtual void Screen1View::updateText(int, int, int)	24	static
../../TouchGFX/gui/include/gui/screen1_screen/Screen1View.hpp:14:13:Screen1View::~Screen1View()	8	static
../../TouchGFX/gui/include/gui/screen1_screen/Screen1View.hpp:14:13:virtual Screen1View::~Screen1View()	8	static
../../Middlewares/ST/touchgfx/framework/include/touchgfx/Drawable.hpp:121:18:virtual void touchgfx::Drawable::invalidateContent() const	0	static
../../Middlewares/ST/touchgfx/framework/include/touchgfx/widgets/Widget.hpp:45:18:virtual void touchgfx::Widget::getLastChild(int16_t, int16_t, touchgfx::Drawable**)	0	static
../../Middlewares/ST/touchgfx/framework/include/touchgfx/Drawable.hpp:343:10:void touchgfx::Drawable::setXY(int16_t, int16_t)	16	static
../../Middlewares/ST/touchgfx/framework/include/touchgfx/widgets/Image.hpp:50:5:touchgfx::Image::Image(const touchgfx::Bitmap&)	8	static
C:/TouchGFXProjects/dino-egg-shooter/MyApplication/TouchGFX/gui/src/screen1_screen/Screen1View.cpp:19:1:Screen1View::Screen1View()	1552	static
C:/TouchGFXProjects/dino-egg-shooter/MyApplication/TouchGFX/gui/src/screen1_screen/Screen1View.cpp:361:7:float CalculateEggAngle(int)	8	static
C:/TouchGFXProjects/dino-egg-shooter/MyApplication/TouchGFX/gui/src/screen1_screen/Screen1View.cpp:422:5:virtual int Screen1Presenter::getLevel()	0	static
C:/TouchGFXProjects/dino-egg-shooter/MyApplication/TouchGFX/gui/src/screen1_screen/Screen1View.cpp:427:6:virtual void Screen1Presenter::onLose(int)	0	static
C:/TouchGFXProjects/dino-egg-shooter/MyApplication/TouchGFX/gui/src/screen1_screen/Screen1View.cpp:443:1:cpp)	16	static
C:/TouchGFXProjects/dino-egg-shooter/MyApplication/TouchGFX/gui/src/screen1_screen/Screen1View.cpp:46:6:virtual void Screen1View::setupScreen()	24	static
C:/TouchGFXProjects/dino-egg-shooter/MyApplication/TouchGFX/gui/src/screen1_screen/Screen1View.cpp:210:6:virtual void Screen1View::createNewImage(uint8_t)	24	static
C:/TouchGFXProjects/dino-egg-shooter/MyApplication/TouchGFX/gui/src/screen1_screen/Screen1View.cpp:238:6:virtual void Screen1View::createNewImage(uint8_t*)	24	static
C:/TouchGFXProjects/dino-egg-shooter/MyApplication/TouchGFX/gui/src/screen1_screen/Screen1View.cpp:287:6:virtual void Screen1View::handleCollision()	592	static
C:/TouchGFXProjects/dino-egg-shooter/MyApplication/TouchGFX/gui/src/screen1_screen/Screen1View.cpp:67:6:virtual void Screen1View::handleTickEvent()	112	static
