../../Middlewares/ST/touchgfx/framework/include/touchgfx/Screen.hpp:104:18:virtual void touchgfx::Screen::afterTransition()	0	static
../../Middlewares/ST/touchgfx/framework/include/touchgfx/Screen.hpp:154:18:virtual void touchgfx::Screen::handleKeyEvent(uint8_t)	0	static
C:/TouchGFXProjects/dino-egg-shooter/MyApplication/TouchGFX/gui/src/screen3_screen/Screen3View.cpp:22:6:virtual void Screen3View::tearDownScreen()	0	static
../../TouchGFX/gui/include/gui/screen3_screen/Screen3View.hpp:11:13:Screen3View::~Screen3View()	8	static
../../TouchGFX/gui/include/gui/screen3_screen/Screen3View.hpp:11:13:virtual Screen3View::~Screen3View()	8	static
C:/TouchGFXProjects/dino-egg-shooter/MyApplication/TouchGFX/gui/src/screen3_screen/Screen3View.cpp:27:6:virtual void Screen3View::handleTickEvent()	16	static
C:/TouchGFXProjects/dino-egg-shooter/MyApplication/TouchGFX/gui/src/screen3_screen/Screen3View.cpp:9:1:Screen3View::Screen3View()	8	static
C:/TouchGFXProjects/dino-egg-shooter/MyApplication/TouchGFX/gui/src/screen3_screen/Screen3View.cpp:51:5:virtual int Screen3Presenter::loadScore()	0	static
C:/TouchGFXProjects/dino-egg-shooter/MyApplication/TouchGFX/gui/src/screen3_screen/Screen3View.cpp:56:5:virtual int Screen3Presenter::loadHighScore()	0	static
C:/TouchGFXProjects/dino-egg-shooter/MyApplication/TouchGFX/gui/src/screen3_screen/Screen3View.cpp:14:6:virtual void Screen3View::setupScreen()	8	static
C:/TouchGFXProjects/dino-egg-shooter/MyApplication/TouchGFX/gui/src/screen3_screen/Screen3View.cpp:40:6:virtual void Screen3View::updateText()	16	static
