../../Middlewares/ST/touchgfx/framework/include/touchgfx/Screen.hpp:104:18:virtual void touchgfx::Screen::afterTransition()	0	static
../../Middlewares/ST/touchgfx/framework/include/touchgfx/Screen.hpp:154:18:virtual void touchgfx::Screen::handleKeyEvent(uint8_t)	0	static
C:/TouchGFXProjects/TouchGFXProjects/MyApplication/TouchGFX/gui/src/screen3_screen/Screen3View.cpp:20:6:virtual void Screen3View::tearDownScreen()	0	static
../../TouchGFX/gui/include/gui/screen3_screen/Screen3View.hpp:11:13:Screen3View::~Screen3View()	8	static
../../TouchGFX/gui/include/gui/screen3_screen/Screen3View.hpp:11:13:virtual Screen3View::~Screen3View()	8	static
C:/TouchGFXProjects/TouchGFXProjects/MyApplication/TouchGFX/gui/src/screen3_screen/Screen3View.cpp:25:6:virtual void Screen3View::handleTickEvent()	16	static
C:/TouchGFXProjects/TouchGFXProjects/MyApplication/TouchGFX/gui/src/screen3_screen/Screen3View.cpp:8:1:Screen3View::Screen3View()	8	static
C:/TouchGFXProjects/TouchGFXProjects/MyApplication/TouchGFX/gui/src/screen3_screen/Screen3View.cpp:45:5:virtual int Screen3Presenter::loadScore()	0	static
C:/TouchGFXProjects/TouchGFXProjects/MyApplication/TouchGFX/gui/src/screen3_screen/Screen3View.cpp:13:6:virtual void Screen3View::setupScreen()	8	static
C:/TouchGFXProjects/TouchGFXProjects/MyApplication/TouchGFX/gui/src/screen3_screen/Screen3View.cpp:38:6:virtual void Screen3View::updateText()	16	static
