../Application/User/grid.hpp:31:13:grid::~grid()	0	static
../Application/User/grid.cpp:67:6:virtual void grid::setGridValue(vector2, int)	8	static
../Application/User/grid.cpp:72:5:virtual int grid::getGridValue(vector2)	8	static
../Application/User/grid.cpp:84:7:virtual float grid::getPosX(vector2)	8	static
../Application/User/grid.cpp:100:7:virtual float grid::getPosY(vector2)	8	static
../Application/User/grid.cpp:43:12:virtual vector2 grid::getGridFromPosition(double, double)	40	static
../Application/User/grid.hpp:31:13:virtual grid::~grid()	8	static
../Application/User/grid.cpp:15:6:void grid::initGrid()	8	static
../Application/User/grid.cpp:9:1:grid::grid()	8	static
../Application/User/grid.cpp:32:6:void grid::makeRandomGrid()	0	static
