../Application/User/grid.hpp:37:13:grid::~grid()	0	static
../Application/User/grid.cpp:71:6:virtual void grid::setGridValue(vector2, int)	8	static
../Application/User/grid.cpp:80:5:virtual int grid::getGridValue(vector2)	8	static
../Application/User/grid.cpp:92:7:virtual float grid::getPosX(vector2)	8	static
../Application/User/grid.cpp:108:7:virtual float grid::getPosY(vector2)	8	static
../Application/User/grid.cpp:122:6:virtual void grid::setGridReference(vector2, touchgfx::Image*)	8	static
../Application/User/grid.cpp:127:18:virtual touchgfx::Image* grid::getGridReference(vector2)	8	static
../Application/User/grid.cpp:47:12:virtual vector2 grid::getGridFromPosition(double, double)	40	static
../Application/User/grid.hpp:37:13:virtual grid::~grid()	8	static
../Application/User/CircularQueue.hpp:11:10:bool CircularQueue<T, Capacity>::enqueue(T) [with T = vector2; unsigned int Capacity = 64]	24	static
../Application/User/grid.cpp:16:6:void grid::initGrid()	8	static
../Application/User/grid.cpp:10:1:grid::grid()	8	static
../Application/User/grid.cpp:36:6:void grid::makeRandomGrid()	0	static
../Application/User/grid.cpp:132:6:bool grid::hasMemberWithYZero(vector2*, uint8_t)	0	static
../Application/User/grid.cpp:210:6:void grid::resetVisit()	12	static
../Application/User/CircularQueue.hpp:9:5:CircularQueue<T, Capacity>::CircularQueue() [with T = vector2; unsigned int Capacity = 64]	0	static
../Application/User/grid.cpp:141:9:uint8_t grid::floodFill(uint8_t, uint8_t, vector2*, uint8_t)	600	static
../Application/User/grid.cpp:176:9:uint8_t grid::floodFillNoDiff(uint8_t, uint8_t, vector2*, uint8_t)	600	static
../Application/User/grid.cpp:218:9:uint8_t grid::findIsolatedGroupsWithoutYZero(vector2*)	568	static
