../Application/User/grid.hpp:37:13:grid::~grid()	0	static
../Application/User/grid.cpp:50:9:virtual vector2 grid::getGridFromIndex(int)	8	static
../Application/User/grid.cpp:57:6:virtual void grid::setGridValue(vector2, int)	16	static
../Application/User/grid.cpp:62:5:virtual int grid::getGridValue(vector2)	8	static
../Application/User/grid.cpp:67:6:virtual void grid::moveObjectToGridCell(touchgfx::Image*, vector2)	24	static
../Application/User/grid.cpp:73:6:virtual void grid::moveObjectToGridCell(touchgfx::Image*, int)	32	static
../Application/User/grid.cpp:79:5:virtual int grid::getPosX(int)	0	static
../Application/User/grid.cpp:84:5:virtual int grid::getPosY(int)	0	static
../Application/User/grid.cpp:43:9:virtual vector2 grid::getGridFromPosition(double, double)	40	static
../Application/User/grid.hpp:37:13:virtual grid::~grid()	8	static
../Application/User/grid.cpp:15:6:void grid::initGrid()	8	static
../Application/User/grid.cpp:9:1:grid::grid()	8	static
../Application/User/grid.cpp:32:6:void grid::makeRandomGrid()	0	static
